20:03:18 **** Build of project sd_bsp ****
make -k all 
"Running Make include in ps7_cortexa9_0/libsrc/coresightps_dcc_v1_2/src"
make -C ps7_cortexa9_0/libsrc/coresightps_dcc_v1_2/src -s include  "SHELL=CMD" "COMPILER=arm-none-eabi-gcc" "ARCHIVER=arm-none-eabi-ar" "COMPILER_FLAGS=  -O2 -c" "EXTRA_COMPILER_FLAGS=-mcpu=cortex-a9 -mfpu=vfpv3 -mfloat-abi=hard -nostartfiles"
"Running Make include in ps7_cortexa9_0/libsrc/cpu_cortexa9_v2_2/src"
make -C ps7_cortexa9_0/libsrc/cpu_cortexa9_v2_2/src -s include  "SHELL=CMD" "COMPILER=arm-none-eabi-gcc" "ARCHIVER=arm-none-eabi-ar" "COMPILER_FLAGS=  -O2 -c" "EXTRA_COMPILER_FLAGS=-mcpu=cortex-a9 -mfpu=vfpv3 -mfloat-abi=hard -nostartfiles"
"Running Make include in ps7_cortexa9_0/libsrc/ddrps_v1_0/src"
make -C ps7_cortexa9_0/libsrc/ddrps_v1_0/src -s include  "SHELL=CMD" "COMPILER=arm-none-eabi-gcc" "ARCHIVER=arm-none-eabi-ar" "COMPILER_FLAGS=  -O2 -c" "EXTRA_COMPILER_FLAGS=-mcpu=cortex-a9 -mfpu=vfpv3 -mfloat-abi=hard -nostartfiles"
"Running Make include in ps7_cortexa9_0/libsrc/devcfg_v3_4/src"
make -C ps7_cortexa9_0/libsrc/devcfg_v3_4/src -s include  "SHELL=CMD" "COMPILER=arm-none-eabi-gcc" "ARCHIVER=arm-none-eabi-ar" "COMPILER_FLAGS=  -O2 -c" "EXTRA_COMPILER_FLAGS=-mcpu=cortex-a9 -mfpu=vfpv3 -mfloat-abi=hard -nostartfiles"
"Running Make include in ps7_cortexa9_0/libsrc/dmaps_v2_1/src"
make -C ps7_cortexa9_0/libsrc/dmaps_v2_1/src -s include  "SHELL=CMD" "COMPILER=arm-none-eabi-gcc" "ARCHIVER=arm-none-eabi-ar" "COMPILER_FLAGS=  -O2 -c" "EXTRA_COMPILER_FLAGS=-mcpu=cortex-a9 -mfpu=vfpv3 -mfloat-abi=hard -nostartfiles"
"Running Make include in ps7_cortexa9_0/libsrc/emacps_v3_2/src"
make -C ps7_cortexa9_0/libsrc/emacps_v3_2/src -s include  "SHELL=CMD" "COMPILER=arm-none-eabi-gcc" "ARCHIVER=arm-none-eabi-ar" "COMPILER_FLAGS=  -O2 -c" "EXTRA_COMPILER_FLAGS=-mcpu=cortex-a9 -mfpu=vfpv3 -mfloat-abi=hard -nostartfiles"
"Running Make include in ps7_cortexa9_0/libsrc/gpio_v4_1/src"
make -C ps7_cortexa9_0/libsrc/gpio_v4_1/src -s include  "SHELL=CMD" "COMPILER=arm-none-eabi-gcc" "ARCHIVER=arm-none-eabi-ar" "COMPILER_FLAGS=  -O2 -c" "EXTRA_COMPILER_FLAGS=-mcpu=cortex-a9 -mfpu=vfpv3 -mfloat-abi=hard -nostartfiles"
"Running Make include in ps7_cortexa9_0/libsrc/gpiops_v3_1/src"
make -C ps7_cortexa9_0/libsrc/gpiops_v3_1/src -s include  "SHELL=CMD" "COMPILER=arm-none-eabi-gcc" "ARCHIVER=arm-none-eabi-ar" "COMPILER_FLAGS=  -O2 -c" "EXTRA_COMPILER_FLAGS=-mcpu=cortex-a9 -mfpu=vfpv3 -mfloat-abi=hard -nostartfiles"
"Running Make include in ps7_cortexa9_0/libsrc/qspips_v3_3/src"
make -C ps7_cortexa9_0/libsrc/qspips_v3_3/src -s include  "SHELL=CMD" "COMPILER=arm-none-eabi-gcc" "ARCHIVER=arm-none-eabi-ar" "COMPILER_FLAGS=  -O2 -c" "EXTRA_COMPILER_FLAGS=-mcpu=cortex-a9 -mfpu=vfpv3 -mfloat-abi=hard -nostartfiles"
"Running Make include in ps7_cortexa9_0/libsrc/scugic_v3_3/src"
make -C ps7_cortexa9_0/libsrc/scugic_v3_3/src -s include  "SHELL=CMD" "COMPILER=arm-none-eabi-gcc" "ARCHIVER=arm-none-eabi-ar" "COMPILER_FLAGS=  -O2 -c" "EXTRA_COMPILER_FLAGS=-mcpu=cortex-a9 -mfpu=vfpv3 -mfloat-abi=hard -nostartfiles"
"Running Make include in ps7_cortexa9_0/libsrc/scutimer_v2_1/src"
make -C ps7_cortexa9_0/libsrc/scutimer_v2_1/src -s include  "SHELL=CMD" "COMPILER=arm-none-eabi-gcc" "ARCHIVER=arm-none-eabi-ar" "COMPILER_FLAGS=  -O2 -c" "EXTRA_COMPILER_FLAGS=-mcpu=cortex-a9 -mfpu=vfpv3 -mfloat-abi=hard -nostartfiles"
"Running Make include in ps7_cortexa9_0/libsrc/scuwdt_v2_1/src"
make -C ps7_cortexa9_0/libsrc/scuwdt_v2_1/src -s include  "SHELL=CMD" "COMPILER=arm-none-eabi-gcc" "ARCHIVER=arm-none-eabi-ar" "COMPILER_FLAGS=  -O2 -c" "EXTRA_COMPILER_FLAGS=-mcpu=cortex-a9 -mfpu=vfpv3 -mfloat-abi=hard -nostartfiles"
"Running Make include in ps7_cortexa9_0/libsrc/sdps_v2_8/src"
make -C ps7_cortexa9_0/libsrc/sdps_v2_8/src -s include  "SHELL=CMD" "COMPILER=arm-none-eabi-gcc" "ARCHIVER=arm-none-eabi-ar" "COMPILER_FLAGS=  -O2 -c" "EXTRA_COMPILER_FLAGS=-mcpu=cortex-a9 -mfpu=vfpv3 -mfloat-abi=hard -nostartfiles"
"Running Make include in ps7_cortexa9_0/libsrc/standalone_v5_5/src"
make -C ps7_cortexa9_0/libsrc/standalone_v5_5/src -s include  "SHELL=CMD" "COMPILER=arm-none-eabi-gcc" "ARCHIVER=arm-none-eabi-ar" "COMPILER_FLAGS=  -O2 -c" "EXTRA_COMPILER_FLAGS=-mcpu=cortex-a9 -mfpu=vfpv3 -mfloat-abi=hard -nostartfiles"
"Running Make include in ps7_cortexa9_0/libsrc/ttcps_v3_1/src"
make -C ps7_cortexa9_0/libsrc/ttcps_v3_1/src -s include  "SHELL=CMD" "COMPILER=arm-none-eabi-gcc" "ARCHIVER=arm-none-eabi-ar" "COMPILER_FLAGS=  -O2 -c" "EXTRA_COMPILER_FLAGS=-mcpu=cortex-a9 -mfpu=vfpv3 -mfloat-abi=hard -nostartfiles"
"Running Make include in ps7_cortexa9_0/libsrc/uartps_v3_1/src"
make -C ps7_cortexa9_0/libsrc/uartps_v3_1/src -s include  "SHELL=CMD" "COMPILER=arm-none-eabi-gcc" "ARCHIVER=arm-none-eabi-ar" "COMPILER_FLAGS=  -O2 -c" "EXTRA_COMPILER_FLAGS=-mcpu=cortex-a9 -mfpu=vfpv3 -mfloat-abi=hard -nostartfiles"
"Running Make include in ps7_cortexa9_0/libsrc/usbps_v2_4/src"
make -C ps7_cortexa9_0/libsrc/usbps_v2_4/src -s include  "SHELL=CMD" "COMPILER=arm-none-eabi-gcc" "ARCHIVER=arm-none-eabi-ar" "COMPILER_FLAGS=  -O2 -c" "EXTRA_COMPILER_FLAGS=-mcpu=cortex-a9 -mfpu=vfpv3 -mfloat-abi=hard -nostartfiles"
"Running Make include in ps7_cortexa9_0/libsrc/xadcps_v2_2/src"
make -C ps7_cortexa9_0/libsrc/xadcps_v2_2/src -s include  "SHELL=CMD" "COMPILER=arm-none-eabi-gcc" "ARCHIVER=arm-none-eabi-ar" "COMPILER_FLAGS=  -O2 -c" "EXTRA_COMPILER_FLAGS=-mcpu=cortex-a9 -mfpu=vfpv3 -mfloat-abi=hard -nostartfiles"
"Running Make libs in ps7_cortexa9_0/libsrc/coresightps_dcc_v1_2/src"
make -C ps7_cortexa9_0/libsrc/coresightps_dcc_v1_2/src -s libs  "SHELL=CMD" "COMPILER=arm-none-eabi-gcc" "ARCHIVER=arm-none-eabi-ar" "COMPILER_FLAGS=  -O2 -c" "EXTRA_COMPILER_FLAGS=-mcpu=cortex-a9 -mfpu=vfpv3 -mfloat-abi=hard -nostartfiles"
"Compiling coresightps_dcc"
arm-none-eabi-ar: opretter ../../../lib/libxil.a
"Running Make libs in ps7_cortexa9_0/libsrc/cpu_cortexa9_v2_2/src"
make -C ps7_cortexa9_0/libsrc/cpu_cortexa9_v2_2/src -s libs  "SHELL=CMD" "COMPILER=arm-none-eabi-gcc" "ARCHIVER=arm-none-eabi-ar" "COMPILER_FLAGS=  -O2 -c" "EXTRA_COMPILER_FLAGS=-mcpu=cortex-a9 -mfpu=vfpv3 -mfloat-abi=hard -nostartfiles"
"Compiling cpu_cortexa9"
"Running Make libs in ps7_cortexa9_0/libsrc/ddrps_v1_0/src"
make -C ps7_cortexa9_0/libsrc/ddrps_v1_0/src -s libs  "SHELL=CMD" "COMPILER=arm-none-eabi-gcc" "ARCHIVER=arm-none-eabi-ar" "COMPILER_FLAGS=  -O2 -c" "EXTRA_COMPILER_FLAGS=-mcpu=cortex-a9 -mfpu=vfpv3 -mfloat-abi=hard -nostartfiles"
"Compiling ddrps"
"Running Make libs in ps7_cortexa9_0/libsrc/devcfg_v3_4/src"
make -C ps7_cortexa9_0/libsrc/devcfg_v3_4/src -s libs  "SHELL=CMD" "COMPILER=arm-none-eabi-gcc" "ARCHIVER=arm-none-eabi-ar" "COMPILER_FLAGS=  -O2 -c" "EXTRA_COMPILER_FLAGS=-mcpu=cortex-a9 -mfpu=vfpv3 -mfloat-abi=hard -nostartfiles"
"Compiling devcfg"
"Running Make libs in ps7_cortexa9_0/libsrc/dmaps_v2_1/src"
make -C ps7_cortexa9_0/libsrc/dmaps_v2_1/src -s libs  "SHELL=CMD" "COMPILER=arm-none-eabi-gcc" "ARCHIVER=arm-none-eabi-ar" "COMPILER_FLAGS=  -O2 -c" "EXTRA_COMPILER_FLAGS=-mcpu=cortex-a9 -mfpu=vfpv3 -mfloat-abi=hard -nostartfiles"
"Compiling dmaps"
"Running Make libs in ps7_cortexa9_0/libsrc/emacps_v3_2/src"
make -C ps7_cortexa9_0/libsrc/emacps_v3_2/src -s libs  "SHELL=CMD" "COMPILER=arm-none-eabi-gcc" "ARCHIVER=arm-none-eabi-ar" "COMPILER_FLAGS=  -O2 -c" "EXTRA_COMPILER_FLAGS=-mcpu=cortex-a9 -mfpu=vfpv3 -mfloat-abi=hard -nostartfiles"
"Compiling emacps"
"Running Make libs in ps7_cortexa9_0/libsrc/gpio_v4_1/src"
make -C ps7_cortexa9_0/libsrc/gpio_v4_1/src -s libs  "SHELL=CMD" "COMPILER=arm-none-eabi-gcc" "ARCHIVER=arm-none-eabi-ar" "COMPILER_FLAGS=  -O2 -c" "EXTRA_COMPILER_FLAGS=-mcpu=cortex-a9 -mfpu=vfpv3 -mfloat-abi=hard -nostartfiles"
"Compiling gpio"
"Running Make libs in ps7_cortexa9_0/libsrc/gpiops_v3_1/src"
make -C ps7_cortexa9_0/libsrc/gpiops_v3_1/src -s libs  "SHELL=CMD" "COMPILER=arm-none-eabi-gcc" "ARCHIVER=arm-none-eabi-ar" "COMPILER_FLAGS=  -O2 -c" "EXTRA_COMPILER_FLAGS=-mcpu=cortex-a9 -mfpu=vfpv3 -mfloat-abi=hard -nostartfiles"
"Compiling gpiops"
"Running Make libs in ps7_cortexa9_0/libsrc/qspips_v3_3/src"
make -C ps7_cortexa9_0/libsrc/qspips_v3_3/src -s libs  "SHELL=CMD" "COMPILER=arm-none-eabi-gcc" "ARCHIVER=arm-none-eabi-ar" "COMPILER_FLAGS=  -O2 -c" "EXTRA_COMPILER_FLAGS=-mcpu=cortex-a9 -mfpu=vfpv3 -mfloat-abi=hard -nostartfiles"
"Compiling qspips"
"Running Make libs in ps7_cortexa9_0/libsrc/scugic_v3_3/src"
make -C ps7_cortexa9_0/libsrc/scugic_v3_3/src -s libs  "SHELL=CMD" "COMPILER=arm-none-eabi-gcc" "ARCHIVER=arm-none-eabi-ar" "COMPILER_FLAGS=  -O2 -c" "EXTRA_COMPILER_FLAGS=-mcpu=cortex-a9 -mfpu=vfpv3 -mfloat-abi=hard -nostartfiles"
"Compiling scugic"
"Running Make libs in ps7_cortexa9_0/libsrc/scutimer_v2_1/src"
make -C ps7_cortexa9_0/libsrc/scutimer_v2_1/src -s libs  "SHELL=CMD" "COMPILER=arm-none-eabi-gcc" "ARCHIVER=arm-none-eabi-ar" "COMPILER_FLAGS=  -O2 -c" "EXTRA_COMPILER_FLAGS=-mcpu=cortex-a9 -mfpu=vfpv3 -mfloat-abi=hard -nostartfiles"
"Compiling scutimer"
"Running Make libs in ps7_cortexa9_0/libsrc/scuwdt_v2_1/src"
make -C ps7_cortexa9_0/libsrc/scuwdt_v2_1/src -s libs  "SHELL=CMD" "COMPILER=arm-none-eabi-gcc" "ARCHIVER=arm-none-eabi-ar" "COMPILER_FLAGS=  -O2 -c" "EXTRA_COMPILER_FLAGS=-mcpu=cortex-a9 -mfpu=vfpv3 -mfloat-abi=hard -nostartfiles"
"Compiling scuwdt"
"Running Make libs in ps7_cortexa9_0/libsrc/sdps_v2_8/src"
make -C ps7_cortexa9_0/libsrc/sdps_v2_8/src -s libs  "SHELL=CMD" "COMPILER=arm-none-eabi-gcc" "ARCHIVER=arm-none-eabi-ar" "COMPILER_FLAGS=  -O2 -c" "EXTRA_COMPILER_FLAGS=-mcpu=cortex-a9 -mfpu=vfpv3 -mfloat-abi=hard -nostartfiles"
"Compiling sdps"
"Running Make libs in ps7_cortexa9_0/libsrc/standalone_v5_5/src"
make -C ps7_cortexa9_0/libsrc/standalone_v5_5/src -s libs  "SHELL=CMD" "COMPILER=arm-none-eabi-gcc" "ARCHIVER=arm-none-eabi-ar" "COMPILER_FLAGS=  -O2 -c" "EXTRA_COMPILER_FLAGS=-mcpu=cortex-a9 -mfpu=vfpv3 -mfloat-abi=hard -nostartfiles"
"Compiling standalone"
"Running Make libs in ps7_cortexa9_0/libsrc/ttcps_v3_1/src"
make -C ps7_cortexa9_0/libsrc/ttcps_v3_1/src -s libs  "SHELL=CMD" "COMPILER=arm-none-eabi-gcc" "ARCHIVER=arm-none-eabi-ar" "COMPILER_FLAGS=  -O2 -c" "EXTRA_COMPILER_FLAGS=-mcpu=cortex-a9 -mfpu=vfpv3 -mfloat-abi=hard -nostartfiles"
"Compiling ttcps"
"Running Make libs in ps7_cortexa9_0/libsrc/uartps_v3_1/src"
make -C ps7_cortexa9_0/libsrc/uartps_v3_1/src -s libs  "SHELL=CMD" "COMPILER=arm-none-eabi-gcc" "ARCHIVER=arm-none-eabi-ar" "COMPILER_FLAGS=  -O2 -c" "EXTRA_COMPILER_FLAGS=-mcpu=cortex-a9 -mfpu=vfpv3 -mfloat-abi=hard -nostartfiles"
"Compiling uartps"
"Running Make libs in ps7_cortexa9_0/libsrc/usbps_v2_4/src"
make -C ps7_cortexa9_0/libsrc/usbps_v2_4/src -s libs  "SHELL=CMD" "COMPILER=arm-none-eabi-gcc" "ARCHIVER=arm-none-eabi-ar" "COMPILER_FLAGS=  -O2 -c" "EXTRA_COMPILER_FLAGS=-mcpu=cortex-a9 -mfpu=vfpv3 -mfloat-abi=hard -nostartfiles"
"Compiling usbps"
"Running Make libs in ps7_cortexa9_0/libsrc/xadcps_v2_2/src"
make -C ps7_cortexa9_0/libsrc/xadcps_v2_2/src -s libs  "SHELL=CMD" "COMPILER=arm-none-eabi-gcc" "ARCHIVER=arm-none-eabi-ar" "COMPILER_FLAGS=  -O2 -c" "EXTRA_COMPILER_FLAGS=-mcpu=cortex-a9 -mfpu=vfpv3 -mfloat-abi=hard -nostartfiles"
"Compiling xadcps"
'Finished building libraries'

**** Build of configuration Debug for project sd ****

Nothing to build for project sd
20:05:58 **** Auto Build of configuration Debug for project sd ****
make pre-build main-build 
a9-linaro-pre-build-step
' '
'Building file: ../src/sdCard.c'
'Invoking: ARM v7 gcc compiler'
arm-none-eabi-gcc -Wall -O0 -g3 -c -fmessage-length=0 -MT"src/sdCard.o" -mcpu=cortex-a9 -mfpu=vfpv3 -mfloat-abi=hard -I../../sd_bsp/ps7_cortexa9_0/include -MMD -MP -MF"src/sdCard.d" -MT"src/sdCard.o" -o "src/sdCard.o" "../src/sdCard.c"
In file included from ../src/sdCard.c:8:0:
../src/sdCard.h:12:51: fatal error: lib/xsdps.h: No such file or directory
 #include "lib/xsdps.h"      /* SD device driver */
                                                   ^
compilation terminated.
make: *** [src/sdCard.o] Fejl 1
20:06:12 **** Auto Build of configuration Debug for project sd ****
make pre-build main-build 
a9-linaro-pre-build-step
' '
'Building file: ../src/sdCard.c'
'Invoking: ARM v7 gcc compiler'
arm-none-eabi-gcc -Wall -O0 -g3 -c -fmessage-length=0 -MT"src/sdCard.o" -mcpu=cortex-a9 -mfpu=vfpv3 -mfloat-abi=hard -I../../sd_bsp/ps7_cortexa9_0/include -MMD -MP -MF"src/sdCard.d" -MT"src/sdCard.o" -o "src/sdCard.o" "../src/sdCard.c"
In file included from ../src/sdCard.c:8:0:
../src/sdCard.h:13:16: fatal error: ff.h: No such file or directory
 #include "ff.h"
                ^
compilation terminated.
make: *** [src/sdCard.o] Fejl 1
20:06:35 **** Auto Build of project sd_bsp ****
make -k all 
"Running Make include in ps7_cortexa9_0/libsrc/coresightps_dcc_v1_2/src"
make -C ps7_cortexa9_0/libsrc/coresightps_dcc_v1_2/src -s include  "SHELL=CMD" "COMPILER=arm-none-eabi-gcc" "ARCHIVER=arm-none-eabi-ar" "COMPILER_FLAGS=  -O2 -c" "EXTRA_COMPILER_FLAGS=-mcpu=cortex-a9 -mfpu=vfpv3 -mfloat-abi=hard -nostartfiles"
"Running Make include in ps7_cortexa9_0/libsrc/cpu_cortexa9_v2_2/src"
make -C ps7_cortexa9_0/libsrc/cpu_cortexa9_v2_2/src -s include  "SHELL=CMD" "COMPILER=arm-none-eabi-gcc" "ARCHIVER=arm-none-eabi-ar" "COMPILER_FLAGS=  -O2 -c" "EXTRA_COMPILER_FLAGS=-mcpu=cortex-a9 -mfpu=vfpv3 -mfloat-abi=hard -nostartfiles"
"Running Make include in ps7_cortexa9_0/libsrc/ddrps_v1_0/src"
make -C ps7_cortexa9_0/libsrc/ddrps_v1_0/src -s include  "SHELL=CMD" "COMPILER=arm-none-eabi-gcc" "ARCHIVER=arm-none-eabi-ar" "COMPILER_FLAGS=  -O2 -c" "EXTRA_COMPILER_FLAGS=-mcpu=cortex-a9 -mfpu=vfpv3 -mfloat-abi=hard -nostartfiles"
"Running Make include in ps7_cortexa9_0/libsrc/devcfg_v3_4/src"
make -C ps7_cortexa9_0/libsrc/devcfg_v3_4/src -s include  "SHELL=CMD" "COMPILER=arm-none-eabi-gcc" "ARCHIVER=arm-none-eabi-ar" "COMPILER_FLAGS=  -O2 -c" "EXTRA_COMPILER_FLAGS=-mcpu=cortex-a9 -mfpu=vfpv3 -mfloat-abi=hard -nostartfiles"
"Running Make include in ps7_cortexa9_0/libsrc/dmaps_v2_1/src"
make -C ps7_cortexa9_0/libsrc/dmaps_v2_1/src -s include  "SHELL=CMD" "COMPILER=arm-none-eabi-gcc" "ARCHIVER=arm-none-eabi-ar" "COMPILER_FLAGS=  -O2 -c" "EXTRA_COMPILER_FLAGS=-mcpu=cortex-a9 -mfpu=vfpv3 -mfloat-abi=hard -nostartfiles"
"Running Make include in ps7_cortexa9_0/libsrc/emacps_v3_2/src"
make -C ps7_cortexa9_0/libsrc/emacps_v3_2/src -s include  "SHELL=CMD" "COMPILER=arm-none-eabi-gcc" "ARCHIVER=arm-none-eabi-ar" "COMPILER_FLAGS=  -O2 -c" "EXTRA_COMPILER_FLAGS=-mcpu=cortex-a9 -mfpu=vfpv3 -mfloat-abi=hard -nostartfiles"
"Running Make include in ps7_cortexa9_0/libsrc/gpio_v4_1/src"
make -C ps7_cortexa9_0/libsrc/gpio_v4_1/src -s include  "SHELL=CMD" "COMPILER=arm-none-eabi-gcc" "ARCHIVER=arm-none-eabi-ar" "COMPILER_FLAGS=  -O2 -c" "EXTRA_COMPILER_FLAGS=-mcpu=cortex-a9 -mfpu=vfpv3 -mfloat-abi=hard -nostartfiles"
"Running Make include in ps7_cortexa9_0/libsrc/gpiops_v3_1/src"
make -C ps7_cortexa9_0/libsrc/gpiops_v3_1/src -s include  "SHELL=CMD" "COMPILER=arm-none-eabi-gcc" "ARCHIVER=arm-none-eabi-ar" "COMPILER_FLAGS=  -O2 -c" "EXTRA_COMPILER_FLAGS=-mcpu=cortex-a9 -mfpu=vfpv3 -mfloat-abi=hard -nostartfiles"
"Running Make include in ps7_cortexa9_0/libsrc/qspips_v3_3/src"
make -C ps7_cortexa9_0/libsrc/qspips_v3_3/src -s include  "SHELL=CMD" "COMPILER=arm-none-eabi-gcc" "ARCHIVER=arm-none-eabi-ar" "COMPILER_FLAGS=  -O2 -c" "EXTRA_COMPILER_FLAGS=-mcpu=cortex-a9 -mfpu=vfpv3 -mfloat-abi=hard -nostartfiles"
"Running Make include in ps7_cortexa9_0/libsrc/scugic_v3_3/src"
make -C ps7_cortexa9_0/libsrc/scugic_v3_3/src -s include  "SHELL=CMD" "COMPILER=arm-none-eabi-gcc" "ARCHIVER=arm-none-eabi-ar" "COMPILER_FLAGS=  -O2 -c" "EXTRA_COMPILER_FLAGS=-mcpu=cortex-a9 -mfpu=vfpv3 -mfloat-abi=hard -nostartfiles"
"Running Make include in ps7_cortexa9_0/libsrc/scutimer_v2_1/src"
make -C ps7_cortexa9_0/libsrc/scutimer_v2_1/src -s include  "SHELL=CMD" "COMPILER=arm-none-eabi-gcc" "ARCHIVER=arm-none-eabi-ar" "COMPILER_FLAGS=  -O2 -c" "EXTRA_COMPILER_FLAGS=-mcpu=cortex-a9 -mfpu=vfpv3 -mfloat-abi=hard -nostartfiles"
"Running Make include in ps7_cortexa9_0/libsrc/scuwdt_v2_1/src"
make -C ps7_cortexa9_0/libsrc/scuwdt_v2_1/src -s include  "SHELL=CMD" "COMPILER=arm-none-eabi-gcc" "ARCHIVER=arm-none-eabi-ar" "COMPILER_FLAGS=  -O2 -c" "EXTRA_COMPILER_FLAGS=-mcpu=cortex-a9 -mfpu=vfpv3 -mfloat-abi=hard -nostartfiles"
"Running Make include in ps7_cortexa9_0/libsrc/sdps_v2_8/src"
make -C ps7_cortexa9_0/libsrc/sdps_v2_8/src -s include  "SHELL=CMD" "COMPILER=arm-none-eabi-gcc" "ARCHIVER=arm-none-eabi-ar" "COMPILER_FLAGS=  -O2 -c" "EXTRA_COMPILER_FLAGS=-mcpu=cortex-a9 -mfpu=vfpv3 -mfloat-abi=hard -nostartfiles"
"Running Make include in ps7_cortexa9_0/libsrc/standalone_v5_5/src"
make -C ps7_cortexa9_0/libsrc/standalone_v5_5/src -s include  "SHELL=CMD" "COMPILER=arm-none-eabi-gcc" "ARCHIVER=arm-none-eabi-ar" "COMPILER_FLAGS=  -O2 -c" "EXTRA_COMPILER_FLAGS=-mcpu=cortex-a9 -mfpu=vfpv3 -mfloat-abi=hard -nostartfiles"
"Running Make include in ps7_cortexa9_0/libsrc/ttcps_v3_1/src"
make -C ps7_cortexa9_0/libsrc/ttcps_v3_1/src -s include  "SHELL=CMD" "COMPILER=arm-none-eabi-gcc" "ARCHIVER=arm-none-eabi-ar" "COMPILER_FLAGS=  -O2 -c" "EXTRA_COMPILER_FLAGS=-mcpu=cortex-a9 -mfpu=vfpv3 -mfloat-abi=hard -nostartfiles"
"Running Make include in ps7_cortexa9_0/libsrc/uartps_v3_1/src"
make -C ps7_cortexa9_0/libsrc/uartps_v3_1/src -s include  "SHELL=CMD" "COMPILER=arm-none-eabi-gcc" "ARCHIVER=arm-none-eabi-ar" "COMPILER_FLAGS=  -O2 -c" "EXTRA_COMPILER_FLAGS=-mcpu=cortex-a9 -mfpu=vfpv3 -mfloat-abi=hard -nostartfiles"
"Running Make include in ps7_cortexa9_0/libsrc/usbps_v2_4/src"
make -C ps7_cortexa9_0/libsrc/usbps_v2_4/src -s include  "SHELL=CMD" "COMPILER=arm-none-eabi-gcc" "ARCHIVER=arm-none-eabi-ar" "COMPILER_FLAGS=  -O2 -c" "EXTRA_COMPILER_FLAGS=-mcpu=cortex-a9 -mfpu=vfpv3 -mfloat-abi=hard -nostartfiles"
"Running Make include in ps7_cortexa9_0/libsrc/xadcps_v2_2/src"
make -C ps7_cortexa9_0/libsrc/xadcps_v2_2/src -s include  "SHELL=CMD" "COMPILER=arm-none-eabi-gcc" "ARCHIVER=arm-none-eabi-ar" "COMPILER_FLAGS=  -O2 -c" "EXTRA_COMPILER_FLAGS=-mcpu=cortex-a9 -mfpu=vfpv3 -mfloat-abi=hard -nostartfiles"
"Running Make include in ps7_cortexa9_0/libsrc/xilffs_v3_3/src"
make -C ps7_cortexa9_0/libsrc/xilffs_v3_3/src -s include  "SHELL=CMD" "COMPILER=arm-none-eabi-gcc" "ARCHIVER=arm-none-eabi-ar" "COMPILER_FLAGS=  -O2 -c" "EXTRA_COMPILER_FLAGS=-mcpu=cortex-a9 -mfpu=vfpv3 -mfloat-abi=hard -nostartfiles"
"Running Make libs in ps7_cortexa9_0/libsrc/coresightps_dcc_v1_2/src"
make -C ps7_cortexa9_0/libsrc/coresightps_dcc_v1_2/src -s libs  "SHELL=CMD" "COMPILER=arm-none-eabi-gcc" "ARCHIVER=arm-none-eabi-ar" "COMPILER_FLAGS=  -O2 -c" "EXTRA_COMPILER_FLAGS=-mcpu=cortex-a9 -mfpu=vfpv3 -mfloat-abi=hard -nostartfiles"
"Compiling coresightps_dcc"
arm-none-eabi-ar: opretter ../../../lib/libxil.a
"Running Make libs in ps7_cortexa9_0/libsrc/cpu_cortexa9_v2_2/src"
make -C ps7_cortexa9_0/libsrc/cpu_cortexa9_v2_2/src -s libs  "SHELL=CMD" "COMPILER=arm-none-eabi-gcc" "ARCHIVER=arm-none-eabi-ar" "COMPILER_FLAGS=  -O2 -c" "EXTRA_COMPILER_FLAGS=-mcpu=cortex-a9 -mfpu=vfpv3 -mfloat-abi=hard -nostartfiles"
"Compiling cpu_cortexa9"
"Running Make libs in ps7_cortexa9_0/libsrc/ddrps_v1_0/src"
make -C ps7_cortexa9_0/libsrc/ddrps_v1_0/src -s libs  "SHELL=CMD" "COMPILER=arm-none-eabi-gcc" "ARCHIVER=arm-none-eabi-ar" "COMPILER_FLAGS=  -O2 -c" "EXTRA_COMPILER_FLAGS=-mcpu=cortex-a9 -mfpu=vfpv3 -mfloat-abi=hard -nostartfiles"
"Compiling ddrps"
"Running Make libs in ps7_cortexa9_0/libsrc/devcfg_v3_4/src"
make -C ps7_cortexa9_0/libsrc/devcfg_v3_4/src -s libs  "SHELL=CMD" "COMPILER=arm-none-eabi-gcc" "ARCHIVER=arm-none-eabi-ar" "COMPILER_FLAGS=  -O2 -c" "EXTRA_COMPILER_FLAGS=-mcpu=cortex-a9 -mfpu=vfpv3 -mfloat-abi=hard -nostartfiles"
"Compiling devcfg"
"Running Make libs in ps7_cortexa9_0/libsrc/dmaps_v2_1/src"
make -C ps7_cortexa9_0/libsrc/dmaps_v2_1/src -s libs  "SHELL=CMD" "COMPILER=arm-none-eabi-gcc" "ARCHIVER=arm-none-eabi-ar" "COMPILER_FLAGS=  -O2 -c" "EXTRA_COMPILER_FLAGS=-mcpu=cortex-a9 -mfpu=vfpv3 -mfloat-abi=hard -nostartfiles"
"Compiling dmaps"
"Running Make libs in ps7_cortexa9_0/libsrc/emacps_v3_2/src"
make -C ps7_cortexa9_0/libsrc/emacps_v3_2/src -s libs  "SHELL=CMD" "COMPILER=arm-none-eabi-gcc" "ARCHIVER=arm-none-eabi-ar" "COMPILER_FLAGS=  -O2 -c" "EXTRA_COMPILER_FLAGS=-mcpu=cortex-a9 -mfpu=vfpv3 -mfloat-abi=hard -nostartfiles"
"Compiling emacps"
"Running Make libs in ps7_cortexa9_0/libsrc/gpio_v4_1/src"
make -C ps7_cortexa9_0/libsrc/gpio_v4_1/src -s libs  "SHELL=CMD" "COMPILER=arm-none-eabi-gcc" "ARCHIVER=arm-none-eabi-ar" "COMPILER_FLAGS=  -O2 -c" "EXTRA_COMPILER_FLAGS=-mcpu=cortex-a9 -mfpu=vfpv3 -mfloat-abi=hard -nostartfiles"
"Compiling gpio"
"Running Make libs in ps7_cortexa9_0/libsrc/gpiops_v3_1/src"
make -C ps7_cortexa9_0/libsrc/gpiops_v3_1/src -s libs  "SHELL=CMD" "COMPILER=arm-none-eabi-gcc" "ARCHIVER=arm-none-eabi-ar" "COMPILER_FLAGS=  -O2 -c" "EXTRA_COMPILER_FLAGS=-mcpu=cortex-a9 -mfpu=vfpv3 -mfloat-abi=hard -nostartfiles"
"Compiling gpiops"
"Running Make libs in ps7_cortexa9_0/libsrc/qspips_v3_3/src"
make -C ps7_cortexa9_0/libsrc/qspips_v3_3/src -s libs  "SHELL=CMD" "COMPILER=arm-none-eabi-gcc" "ARCHIVER=arm-none-eabi-ar" "COMPILER_FLAGS=  -O2 -c" "EXTRA_COMPILER_FLAGS=-mcpu=cortex-a9 -mfpu=vfpv3 -mfloat-abi=hard -nostartfiles"
"Compiling qspips"
"Running Make libs in ps7_cortexa9_0/libsrc/scugic_v3_3/src"
make -C ps7_cortexa9_0/libsrc/scugic_v3_3/src -s libs  "SHELL=CMD" "COMPILER=arm-none-eabi-gcc" "ARCHIVER=arm-none-eabi-ar" "COMPILER_FLAGS=  -O2 -c" "EXTRA_COMPILER_FLAGS=-mcpu=cortex-a9 -mfpu=vfpv3 -mfloat-abi=hard -nostartfiles"
"Compiling scugic"
"Running Make libs in ps7_cortexa9_0/libsrc/scutimer_v2_1/src"
make -C ps7_cortexa9_0/libsrc/scutimer_v2_1/src -s libs  "SHELL=CMD" "COMPILER=arm-none-eabi-gcc" "ARCHIVER=arm-none-eabi-ar" "COMPILER_FLAGS=  -O2 -c" "EXTRA_COMPILER_FLAGS=-mcpu=cortex-a9 -mfpu=vfpv3 -mfloat-abi=hard -nostartfiles"
"Compiling scutimer"
"Running Make libs in ps7_cortexa9_0/libsrc/scuwdt_v2_1/src"
make -C ps7_cortexa9_0/libsrc/scuwdt_v2_1/src -s libs  "SHELL=CMD" "COMPILER=arm-none-eabi-gcc" "ARCHIVER=arm-none-eabi-ar" "COMPILER_FLAGS=  -O2 -c" "EXTRA_COMPILER_FLAGS=-mcpu=cortex-a9 -mfpu=vfpv3 -mfloat-abi=hard -nostartfiles"
"Compiling scuwdt"
"Running Make libs in ps7_cortexa9_0/libsrc/sdps_v2_8/src"
make -C ps7_cortexa9_0/libsrc/sdps_v2_8/src -s libs  "SHELL=CMD" "COMPILER=arm-none-eabi-gcc" "ARCHIVER=arm-none-eabi-ar" "COMPILER_FLAGS=  -O2 -c" "EXTRA_COMPILER_FLAGS=-mcpu=cortex-a9 -mfpu=vfpv3 -mfloat-abi=hard -nostartfiles"
"Compiling sdps"
"Running Make libs in ps7_cortexa9_0/libsrc/standalone_v5_5/src"
make -C ps7_cortexa9_0/libsrc/standalone_v5_5/src -s libs  "SHELL=CMD" "COMPILER=arm-none-eabi-gcc" "ARCHIVER=arm-none-eabi-ar" "COMPILER_FLAGS=  -O2 -c" "EXTRA_COMPILER_FLAGS=-mcpu=cortex-a9 -mfpu=vfpv3 -mfloat-abi=hard -nostartfiles"
"Compiling standalone"
"Running Make libs in ps7_cortexa9_0/libsrc/ttcps_v3_1/src"
make -C ps7_cortexa9_0/libsrc/ttcps_v3_1/src -s libs  "SHELL=CMD" "COMPILER=arm-none-eabi-gcc" "ARCHIVER=arm-none-eabi-ar" "COMPILER_FLAGS=  -O2 -c" "EXTRA_COMPILER_FLAGS=-mcpu=cortex-a9 -mfpu=vfpv3 -mfloat-abi=hard -nostartfiles"
"Compiling ttcps"
"Running Make libs in ps7_cortexa9_0/libsrc/uartps_v3_1/src"
make -C ps7_cortexa9_0/libsrc/uartps_v3_1/src -s libs  "SHELL=CMD" "COMPILER=arm-none-eabi-gcc" "ARCHIVER=arm-none-eabi-ar" "COMPILER_FLAGS=  -O2 -c" "EXTRA_COMPILER_FLAGS=-mcpu=cortex-a9 -mfpu=vfpv3 -mfloat-abi=hard -nostartfiles"
"Compiling uartps"
"Running Make libs in ps7_cortexa9_0/libsrc/usbps_v2_4/src"
make -C ps7_cortexa9_0/libsrc/usbps_v2_4/src -s libs  "SHELL=CMD" "COMPILER=arm-none-eabi-gcc" "ARCHIVER=arm-none-eabi-ar" "COMPILER_FLAGS=  -O2 -c" "EXTRA_COMPILER_FLAGS=-mcpu=cortex-a9 -mfpu=vfpv3 -mfloat-abi=hard -nostartfiles"
"Compiling usbps"
"Running Make libs in ps7_cortexa9_0/libsrc/xadcps_v2_2/src"
make -C ps7_cortexa9_0/libsrc/xadcps_v2_2/src -s libs  "SHELL=CMD" "COMPILER=arm-none-eabi-gcc" "ARCHIVER=arm-none-eabi-ar" "COMPILER_FLAGS=  -O2 -c" "EXTRA_COMPILER_FLAGS=-mcpu=cortex-a9 -mfpu=vfpv3 -mfloat-abi=hard -nostartfiles"
"Compiling xadcps"
"Running Make libs in ps7_cortexa9_0/libsrc/xilffs_v3_3/src"
make -C ps7_cortexa9_0/libsrc/xilffs_v3_3/src -s libs  "SHELL=CMD" "COMPILER=arm-none-eabi-gcc" "ARCHIVER=arm-none-eabi-ar" "COMPILER_FLAGS=  -O2 -c" "EXTRA_COMPILER_FLAGS=-mcpu=cortex-a9 -mfpu=vfpv3 -mfloat-abi=hard -nostartfiles"
"Compiling XilFFs Library"
'Finished building libraries'
20:06:54 **** Clean-only build of configuration Debug for project sd ****
make clean 
rm -rf  ./src/sdCard.o  ./src/sdCard.d  sd.elf.size  sd.elf
' '
20:06:55 **** Auto Build of configuration Debug for project sd ****
make pre-build main-build 
a9-linaro-pre-build-step
' '
'Building file: ../src/sdCard.c'
'Invoking: ARM v7 gcc compiler'
arm-none-eabi-gcc -Wall -O0 -g3 -c -fmessage-length=0 -MT"src/sdCard.o" -mcpu=cortex-a9 -mfpu=vfpv3 -mfloat-abi=hard -I../../sd_bsp/ps7_cortexa9_0/include -MMD -MP -MF"src/sdCard.d" -MT"src/sdCard.o" -o "src/sdCard.o" "../src/sdCard.c"
../src/sdCard.c:16:13: warning: 'NumBytesRead' defined but not used [-Wunused-variable]
 static UINT NumBytesRead;
             ^
../src/sdCard.c:17:13: warning: 'NumBytesWritten' defined but not used [-Wunused-variable]
 static UINT NumBytesWritten;
             ^
'Finished building: ../src/sdCard.c'
' '
'Building target: sd.elf'
'Invoking: ARM v7 gcc linker'
arm-none-eabi-gcc -mcpu=cortex-a9 -mfpu=vfpv3 -mfloat-abi=hard -Wl,-build-id=none -specs=Xilinx.spec -Wl,-T -Wl,../src/lscript.ld -L../../sd_bsp/ps7_cortexa9_0/lib -o "sd.elf"  ./src/sdCard.o   -Wl,--start-group,-lxil,-lgcc,-lc,--end-group -Wl,--start-group,-lxilffs,-lxil,-lgcc,-lc,--end-group
../../sd_bsp/ps7_cortexa9_0/lib\libxil.a(xil-crt0.o): In function `_start':
xil-crt0.S:(.text+0x68): undefined reference to `main'
collect2.exe: error: ld returned 1 exit status
make: *** [sd.elf] Fejl 1
20:07:27 **** Auto Build of configuration Debug for project sd ****
make pre-build main-build 
a9-linaro-pre-build-step
' '
'Building file: ../src/sdCard.c'
'Invoking: ARM v7 gcc compiler'
arm-none-eabi-gcc -Wall -O0 -g3 -c -fmessage-length=0 -MT"src/sdCard.o" -mcpu=cortex-a9 -mfpu=vfpv3 -mfloat-abi=hard -I../../sd_bsp/ps7_cortexa9_0/include -MMD -MP -MF"src/sdCard.d" -MT"src/sdCard.o" -o "src/sdCard.o" "../src/sdCard.c"
../src/sdCard.c:16:13: warning: 'NumBytesRead' defined but not used [-Wunused-variable]
 static UINT NumBytesRead;
             ^
../src/sdCard.c:17:13: warning: 'NumBytesWritten' defined but not used [-Wunused-variable]
 static UINT NumBytesWritten;
             ^
'Finished building: ../src/sdCard.c'
' '
'Building target: sd.elf'
'Invoking: ARM v7 gcc linker'
arm-none-eabi-gcc -mcpu=cortex-a9 -mfpu=vfpv3 -mfloat-abi=hard -Wl,-build-id=none -specs=Xilinx.spec -Wl,-T -Wl,../src/lscript.ld -L../../sd_bsp/ps7_cortexa9_0/lib -o "sd.elf"  ./src/sdCard.o   -Wl,--start-group,-lxil,-lgcc,-lc,--end-group -Wl,--start-group,-lxilffs,-lxil,-lgcc,-lc,--end-group
../../sd_bsp/ps7_cortexa9_0/lib\libxil.a(xil-crt0.o): In function `_start':
xil-crt0.S:(.text+0x68): undefined reference to `main'
collect2.exe: error: ld returned 1 exit status
make: *** [sd.elf] Fejl 1
20:07:32 **** Auto Build of configuration Debug for project sd ****
make pre-build main-build 
a9-linaro-pre-build-step
' '
'Building file: ../src/sdCard.c'
'Invoking: ARM v7 gcc compiler'
arm-none-eabi-gcc -Wall -O0 -g3 -c -fmessage-length=0 -MT"src/sdCard.o" -mcpu=cortex-a9 -mfpu=vfpv3 -mfloat-abi=hard -I../../sd_bsp/ps7_cortexa9_0/include -MMD -MP -MF"src/sdCard.d" -MT"src/sdCard.o" -o "src/sdCard.o" "../src/sdCard.c"
../src/sdCard.c:16:13: warning: 'NumBytesRead' defined but not used [-Wunused-variable]
 static UINT NumBytesRead;
             ^
../src/sdCard.c:17:13: warning: 'NumBytesWritten' defined but not used [-Wunused-variable]
 static UINT NumBytesWritten;
             ^
'Finished building: ../src/sdCard.c'
' '
'Building target: sd.elf'
'Invoking: ARM v7 gcc linker'
arm-none-eabi-gcc -mcpu=cortex-a9 -mfpu=vfpv3 -mfloat-abi=hard -Wl,-build-id=none -specs=Xilinx.spec -Wl,-T -Wl,../src/lscript.ld -L../../sd_bsp/ps7_cortexa9_0/lib -o "sd.elf"  ./src/sdCard.o   -Wl,--start-group,-lxil,-lgcc,-lc,--end-group -Wl,--start-group,-lxilffs,-lxil,-lgcc,-lc,--end-group
../../sd_bsp/ps7_cortexa9_0/lib\libxil.a(xil-crt0.o): In function `_start':
xil-crt0.S:(.text+0x68): undefined reference to `main'
collect2.exe: error: ld returned 1 exit status
make: *** [sd.elf] Fejl 1
20:08:49 **** Auto Build of configuration Debug for project sd ****
make pre-build main-build 
a9-linaro-pre-build-step
' '
'Building file: ../src/sdCard.c'
'Invoking: ARM v7 gcc compiler'
arm-none-eabi-gcc -Wall -O0 -g3 -c -fmessage-length=0 -MT"src/sdCard.o" -mcpu=cortex-a9 -mfpu=vfpv3 -mfloat-abi=hard -I../../sd_bsp/ps7_cortexa9_0/include -MMD -MP -MF"src/sdCard.d" -MT"src/sdCard.o" -o "src/sdCard.o" "../src/sdCard.c"
../src/sdCard.c: In function 'FfsSdPolledExample':
../src/sdCard.c:153:19: warning: passing argument 2 of 'f_mount' from incompatible pointer type
  Res = f_mount(0, &fatfs);
                   ^
In file included from ../src/sdCard.c:62:0:
../../sd_bsp/ps7_cortexa9_0/include/ff.h:267:9: note: expected 'const TCHAR *' but argument is of type 'struct FATFS *'
 FRESULT f_mount (FATFS* fs, const TCHAR* path, BYTE opt);   /* Mount/Unmount a logical drive */
         ^
../src/sdCard.c:153:8: error: too few arguments to function 'f_mount'
  Res = f_mount(0, &fatfs);
        ^
In file included from ../src/sdCard.c:62:0:
../../sd_bsp/ps7_cortexa9_0/include/ff.h:267:9: note: declared here
 FRESULT f_mount (FATFS* fs, const TCHAR* path, BYTE opt);   /* Mount/Unmount a logical drive */
         ^
make: *** [src/sdCard.o] Fejl 1
20:11:15 **** Auto Build of configuration Debug for project sd ****
make pre-build main-build 
a9-linaro-pre-build-step
' '
'Building file: ../src/sdCard.c'
'Invoking: ARM v7 gcc compiler'
arm-none-eabi-gcc -Wall -O0 -g3 -c -fmessage-length=0 -MT"src/sdCard.o" -mcpu=cortex-a9 -mfpu=vfpv3 -mfloat-abi=hard -I../../sd_bsp/ps7_cortexa9_0/include -MMD -MP -MF"src/sdCard.d" -MT"src/sdCard.o" -o "src/sdCard.o" "../src/sdCard.c"
../src/sdCard.c: In function 'FfsSdPolledExample':
../src/sdCard.c:153:19: warning: passing argument 2 of 'f_mount' from incompatible pointer type
  Res = f_mount(0, &fatfs);
                   ^
In file included from ../src/sdCard.c:62:0:
../../sd_bsp/ps7_cortexa9_0/include/ff.h:267:9: note: expected 'const TCHAR *' but argument is of type 'struct FATFS *'
 FRESULT f_mount (FATFS* fs, const TCHAR* path, BYTE opt);   /* Mount/Unmount a logical drive */
         ^
../src/sdCard.c:153:8: error: too few arguments to function 'f_mount'
  Res = f_mount(0, &fatfs);
        ^
In file included from ../src/sdCard.c:62:0:
../../sd_bsp/ps7_cortexa9_0/include/ff.h:267:9: note: declared here
 FRESULT f_mount (FATFS* fs, const TCHAR* path, BYTE opt);   /* Mount/Unmount a logical drive */
         ^
../src/sdCard.c:154:24: error: 'Path' undeclared (first use in this function)
  Res = f_mount(&fatfs, Path, 0);
                        ^
../src/sdCard.c:154:24: note: each undeclared identifier is reported only once for each function it appears in
make: *** [src/sdCard.o] Fejl 1
20:11:36 **** Auto Build of configuration Debug for project sd ****
make pre-build main-build 
a9-linaro-pre-build-step
' '
'Building file: ../src/sdCard.c'
'Invoking: ARM v7 gcc compiler'
arm-none-eabi-gcc -Wall -O0 -g3 -c -fmessage-length=0 -MT"src/sdCard.o" -mcpu=cortex-a9 -mfpu=vfpv3 -mfloat-abi=hard -I../../sd_bsp/ps7_cortexa9_0/include -MMD -MP -MF"src/sdCard.d" -MT"src/sdCard.o" -o "src/sdCard.o" "../src/sdCard.c"
../src/sdCard.c: In function 'FfsSdPolledExample':
../src/sdCard.c:154:19: warning: passing argument 2 of 'f_mount' from incompatible pointer type
  Res = f_mount(0, &fatfs);
                   ^
In file included from ../src/sdCard.c:62:0:
../../sd_bsp/ps7_cortexa9_0/include/ff.h:267:9: note: expected 'const TCHAR *' but argument is of type 'struct FATFS *'
 FRESULT f_mount (FATFS* fs, const TCHAR* path, BYTE opt);   /* Mount/Unmount a logical drive */
         ^
../src/sdCard.c:154:8: error: too few arguments to function 'f_mount'
  Res = f_mount(0, &fatfs);
        ^
In file included from ../src/sdCard.c:62:0:
../../sd_bsp/ps7_cortexa9_0/include/ff.h:267:9: note: declared here
 FRESULT f_mount (FATFS* fs, const TCHAR* path, BYTE opt);   /* Mount/Unmount a logical drive */
         ^
make: *** [src/sdCard.o] Fejl 1
20:11:46 **** Auto Build of configuration Debug for project sd ****
make pre-build main-build 
a9-linaro-pre-build-step
' '
'Building file: ../src/sdCard.c'
'Invoking: ARM v7 gcc compiler'
arm-none-eabi-gcc -Wall -O0 -g3 -c -fmessage-length=0 -MT"src/sdCard.o" -mcpu=cortex-a9 -mfpu=vfpv3 -mfloat-abi=hard -I../../sd_bsp/ps7_cortexa9_0/include -MMD -MP -MF"src/sdCard.d" -MT"src/sdCard.o" -o "src/sdCard.o" "../src/sdCard.c"
'Finished building: ../src/sdCard.c'
' '
'Building target: sd.elf'
'Invoking: ARM v7 gcc linker'
arm-none-eabi-gcc -mcpu=cortex-a9 -mfpu=vfpv3 -mfloat-abi=hard -Wl,-build-id=none -specs=Xilinx.spec -Wl,-T -Wl,../src/lscript.ld -L../../sd_bsp/ps7_cortexa9_0/lib -o "sd.elf"  ./src/sdCard.o   -Wl,--start-group,-lxil,-lgcc,-lc,--end-group -Wl,--start-group,-lxilffs,-lxil,-lgcc,-lc,--end-group
'Finished building target: sd.elf'
' '
'Invoking: ARM v7 Print Size'
arm-none-eabi-size sd.elf  |tee "sd.elf.size"
   text	   data	    bss	    dec	    hex	filename
  48372	   1212	20996624	21046208	14123c0	sd.elf
'Finished building: sd.elf.size'
' '
20:12:34 **** Incremental Build of configuration Debug for project sd ****
make pre-build main-build 
a9-linaro-pre-build-step
' '
make: Ingenting at gøre for 'main-build'.
20:13:01 **** Incremental Build of configuration Debug for project sd ****
make pre-build main-build 
a9-linaro-pre-build-step
' '
make: Ingenting at gøre for 'main-build'.
20:13:22 **** Incremental Build of configuration Debug for project sd ****
make pre-build main-build 
a9-linaro-pre-build-step
' '
make: Ingenting at gøre for 'main-build'.
20:13:43 **** Incremental Build of configuration Debug for project sd ****
make pre-build main-build 
a9-linaro-pre-build-step
' '
make: Ingenting at gøre for 'main-build'.
20:14:38 **** Incremental Build of configuration Debug for project sd ****
make pre-build main-build 
a9-linaro-pre-build-step
' '
make: Ingenting at gøre for 'main-build'.
20:15:08 **** Incremental Build of configuration Debug for project sd ****
make pre-build main-build 
a9-linaro-pre-build-step
' '
make: Ingenting at gøre for 'main-build'.
20:16:15 **** Incremental Build of configuration Debug for project sd ****
make pre-build main-build 
a9-linaro-pre-build-step
' '
make: Ingenting at gøre for 'main-build'.
20:20:37 **** Auto Build of configuration Debug for project sd ****
make pre-build main-build 
a9-linaro-pre-build-step
' '
'Building file: ../src/sdCard.c'
'Invoking: ARM v7 gcc compiler'
arm-none-eabi-gcc -Wall -O0 -g3 -c -fmessage-length=0 -MT"src/sdCard.o" -mcpu=cortex-a9 -mfpu=vfpv3 -mfloat-abi=hard -I../../sd_bsp/ps7_cortexa9_0/include -MMD -MP -MF"src/sdCard.d" -MT"src/sdCard.o" -o "src/sdCard.o" "../src/sdCard.c"
../src/sdCard.c: In function 'main':
../src/sdCard.c:25:2: warning: implicit declaration of function 'printf' [-Wimplicit-function-declaration]
  printf("Disk Initialize %d", disk_initialize(0));
  ^
../src/sdCard.c:25:2: warning: incompatible implicit declaration of built-in function 'printf'
../src/sdCard.c:25:2: warning: implicit declaration of function 'disk_initialize' [-Wimplicit-function-declaration]
../src/sdCard.c:28:2: warning: implicit declaration of function 'disk_status' [-Wimplicit-function-declaration]
  printf("\nDisk status for disk 0: %d \n\r", disk_status(0));
  ^
../src/sdCard.c: At top level:
../src/sdCard.c:16:13: warning: 'NumBytesWritten' defined but not used [-Wunused-variable]
 static UINT NumBytesWritten;
             ^
'Finished building: ../src/sdCard.c'
' '
'Building target: sd.elf'
'Invoking: ARM v7 gcc linker'
arm-none-eabi-gcc -mcpu=cortex-a9 -mfpu=vfpv3 -mfloat-abi=hard -Wl,-build-id=none -specs=Xilinx.spec -Wl,-T -Wl,../src/lscript.ld -L../../sd_bsp/ps7_cortexa9_0/lib -o "sd.elf"  ./src/sdCard.o   -Wl,--start-group,-lxil,-lgcc,-lc,--end-group -Wl,--start-group,-lxilffs,-lxil,-lgcc,-lc,--end-group
'Finished building target: sd.elf'
' '
'Invoking: ARM v7 Print Size'
arm-none-eabi-size sd.elf  |tee "sd.elf.size"
   text	   data	    bss	    dec	    hex	filename
  99964	   2644	  25984	 128592	  1f650	sd.elf
'Finished building: sd.elf.size'
' '
20:20:44 **** Incremental Build of configuration Debug for project sd ****
make pre-build main-build 
a9-linaro-pre-build-step
' '
make: Ingenting at gøre for 'main-build'.
20:21:03 **** Incremental Build of configuration Debug for project sd ****
make pre-build main-build 
a9-linaro-pre-build-step
' '
make: Ingenting at gøre for 'main-build'.
20:24:08 **** Incremental Build of configuration Debug for project sd ****
make pre-build main-build 
a9-linaro-pre-build-step
' '
make: Ingenting at gøre for 'main-build'.
00:21:11 **** Auto Build of configuration Debug for project sd ****
make pre-build main-build 
a9-linaro-pre-build-step
' '
'Building file: ../src/sdCard.c'
'Invoking: ARM v7 gcc compiler'
arm-none-eabi-gcc -Wall -O0 -g3 -c -fmessage-length=0 -MT"src/sdCard.o" -mcpu=cortex-a9 -mfpu=vfpv3 -mfloat-abi=hard -I../../sd_bsp/ps7_cortexa9_0/include -MMD -MP -MF"src/sdCard.d" -MT"src/sdCard.o" -o "src/sdCard.o" "../src/sdCard.c"
../src/sdCard.c: In function 'main':
../src/sdCard.c:25:2: warning: implicit declaration of function 'printf' [-Wimplicit-function-declaration]
  printf("Disk Initialize %d", disk_initialize(0));
  ^
../src/sdCard.c:25:2: warning: incompatible implicit declaration of built-in function 'printf'
../src/sdCard.c:25:2: warning: implicit declaration of function 'disk_initialize' [-Wimplicit-function-declaration]
../src/sdCard.c:28:2: warning: implicit declaration of function 'disk_status' [-Wimplicit-function-declaration]
  printf("\nDisk status for disk 0: %d \n\r", disk_status(0));
  ^
../src/sdCard.c: At top level:
../src/sdCard.c:16:13: warning: 'NumBytesWritten' defined but not used [-Wunused-variable]
 static UINT NumBytesWritten;
             ^
'Finished building: ../src/sdCard.c'
' '
'Building target: sd.elf'
'Invoking: ARM v7 gcc linker'
arm-none-eabi-gcc -mcpu=cortex-a9 -mfpu=vfpv3 -mfloat-abi=hard -Wl,-build-id=none -specs=Xilinx.spec -Wl,-T -Wl,../src/lscript.ld -L../../sd_bsp/ps7_cortexa9_0/lib -o "sd.elf"  ./src/sdCard.o   -Wl,--start-group,-lxil,-lgcc,-lc,--end-group -Wl,--start-group,-lxilffs,-lxil,-lgcc,-lc,--end-group
'Finished building target: sd.elf'
' '
'Invoking: ARM v7 Print Size'
arm-none-eabi-size sd.elf  |tee "sd.elf.size"
   text	   data	    bss	    dec	    hex	filename
  99964	   2644	  25984	 128592	  1f650	sd.elf
'Finished building: sd.elf.size'
' '
00:21:33 **** Auto Build of configuration Debug for project sd ****
make pre-build main-build 
a9-linaro-pre-build-step
' '
'Building file: ../src/sdCard.c'
'Invoking: ARM v7 gcc compiler'
arm-none-eabi-gcc -Wall -O0 -g3 -c -fmessage-length=0 -MT"src/sdCard.o" -mcpu=cortex-a9 -mfpu=vfpv3 -mfloat-abi=hard -I../../sd_bsp/ps7_cortexa9_0/include -MMD -MP -MF"src/sdCard.d" -MT"src/sdCard.o" -o "src/sdCard.o" "../src/sdCard.c"
../src/sdCard.c: In function 'main':
../src/sdCard.c:25:2: warning: implicit declaration of function 'printf' [-Wimplicit-function-declaration]
  printf("Disk Initialize %d", disk_initialize(0));
  ^
../src/sdCard.c:25:2: warning: incompatible implicit declaration of built-in function 'printf'
../src/sdCard.c:25:2: warning: implicit declaration of function 'disk_initialize' [-Wimplicit-function-declaration]
../src/sdCard.c:28:2: warning: implicit declaration of function 'disk_status' [-Wimplicit-function-declaration]
  printf("\nDisk status for disk 0: %d \n\r", disk_status(0));
  ^
../src/sdCard.c: At top level:
../src/sdCard.c:16:13: warning: 'NumBytesWritten' defined but not used [-Wunused-variable]
 static UINT NumBytesWritten;
             ^
'Finished building: ../src/sdCard.c'
' '
'Building target: sd.elf'
'Invoking: ARM v7 gcc linker'
arm-none-eabi-gcc -mcpu=cortex-a9 -mfpu=vfpv3 -mfloat-abi=hard -Wl,-build-id=none -specs=Xilinx.spec -Wl,-T -Wl,../src/lscript.ld -L../../sd_bsp/ps7_cortexa9_0/lib -o "sd.elf"  ./src/sdCard.o   -Wl,--start-group,-lxil,-lgcc,-lc,--end-group -Wl,--start-group,-lxilffs,-lxil,-lgcc,-lc,--end-group
'Finished building target: sd.elf'
' '
'Invoking: ARM v7 Print Size'
arm-none-eabi-size sd.elf  |tee "sd.elf.size"
   text	   data	    bss	    dec	    hex	filename
 100036	   2644	  25984	 128664	  1f698	sd.elf
'Finished building: sd.elf.size'
' '
00:22:44 **** Auto Build of configuration Debug for project sd ****
make pre-build main-build 
a9-linaro-pre-build-step
' '
'Building file: ../src/sdCard.c'
'Invoking: ARM v7 gcc compiler'
arm-none-eabi-gcc -Wall -O0 -g3 -c -fmessage-length=0 -MT"src/sdCard.o" -mcpu=cortex-a9 -mfpu=vfpv3 -mfloat-abi=hard -I../../sd_bsp/ps7_cortexa9_0/include -MMD -MP -MF"src/sdCard.d" -MT"src/sdCard.o" -o "src/sdCard.o" "../src/sdCard.c"
../src/sdCard.c: In function 'main':
../src/sdCard.c:25:2: warning: implicit declaration of function 'printf' [-Wimplicit-function-declaration]
  printf("Disk Initialize %d", disk_initialize(0));
  ^
../src/sdCard.c:25:2: warning: incompatible implicit declaration of built-in function 'printf'
../src/sdCard.c:25:2: warning: implicit declaration of function 'disk_initialize' [-Wimplicit-function-declaration]
../src/sdCard.c:28:2: warning: implicit declaration of function 'disk_status' [-Wimplicit-function-declaration]
  printf("\nDisk status for disk 0: %d \n\r", disk_status(0));
  ^
../src/sdCard.c: At top level:
../src/sdCard.c:16:13: warning: 'NumBytesWritten' defined but not used [-Wunused-variable]
 static UINT NumBytesWritten;
             ^
'Finished building: ../src/sdCard.c'
' '
'Building target: sd.elf'
'Invoking: ARM v7 gcc linker'
arm-none-eabi-gcc -mcpu=cortex-a9 -mfpu=vfpv3 -mfloat-abi=hard -Wl,-build-id=none -specs=Xilinx.spec -Wl,-T -Wl,../src/lscript.ld -L../../sd_bsp/ps7_cortexa9_0/lib -o "sd.elf"  ./src/sdCard.o   -Wl,--start-group,-lxil,-lgcc,-lc,--end-group -Wl,--start-group,-lxilffs,-lxil,-lgcc,-lc,--end-group
'Finished building target: sd.elf'
' '
'Invoking: ARM v7 Print Size'
arm-none-eabi-size sd.elf  |tee "sd.elf.size"
   text	   data	    bss	    dec	    hex	filename
 100028	   2644	  25984	 128656	  1f690	sd.elf
'Finished building: sd.elf.size'
' '
00:24:06 **** Incremental Build of configuration Debug for project sd ****
make pre-build main-build 
a9-linaro-pre-build-step
' '
make: Ingenting at gøre for 'main-build'.
00:24:50 **** Incremental Build of configuration Debug for project sd ****
make pre-build main-build 
a9-linaro-pre-build-step
' '
make: Ingenting at gøre for 'main-build'.
00:24:52 **** Auto Build of configuration Debug for project sd ****
make pre-build main-build 
a9-linaro-pre-build-step
' '
'Building file: ../src/sdCard.c'
'Invoking: ARM v7 gcc compiler'
arm-none-eabi-gcc -Wall -O0 -g3 -c -fmessage-length=0 -MT"src/sdCard.o" -mcpu=cortex-a9 -mfpu=vfpv3 -mfloat-abi=hard -I../../sd_bsp/ps7_cortexa9_0/include -MMD -MP -MF"src/sdCard.d" -MT"src/sdCard.o" -o "src/sdCard.o" "../src/sdCard.c"
'Finished building: ../src/sdCard.c'
' '
'Building target: sd.elf'
'Invoking: ARM v7 gcc linker'
arm-none-eabi-gcc -mcpu=cortex-a9 -mfpu=vfpv3 -mfloat-abi=hard -Wl,-build-id=none -specs=Xilinx.spec -Wl,-T -Wl,../src/lscript.ld -L../../sd_bsp/ps7_cortexa9_0/lib -o "sd.elf"  ./src/sdCard.o   -Wl,--start-group,-lxil,-lgcc,-lc,--end-group -Wl,--start-group,-lxilffs,-lxil,-lgcc,-lc,--end-group
'Finished building target: sd.elf'
' '
'Invoking: ARM v7 Print Size'
arm-none-eabi-size sd.elf  |tee "sd.elf.size"
   text	   data	    bss	    dec	    hex	filename
  48372	   1212	20996624	21046208	14123c0	sd.elf
'Finished building: sd.elf.size'
' '
00:24:55 **** Incremental Build of configuration Debug for project sd ****
make pre-build main-build 
a9-linaro-pre-build-step
' '
make: Ingenting at gøre for 'main-build'.
00:25:03 **** Incremental Build of configuration Debug for project sd ****
make pre-build main-build 
a9-linaro-pre-build-step
' '
make: Ingenting at gøre for 'main-build'.
00:25:14 **** Incremental Build of configuration Debug for project sd ****
make pre-build main-build 
a9-linaro-pre-build-step
' '
make: Ingenting at gøre for 'main-build'.
00:25:19 **** Auto Build of configuration Debug for project sd ****
make pre-build main-build 
a9-linaro-pre-build-step
' '
'Building file: ../src/sdCard.c'
'Invoking: ARM v7 gcc compiler'
arm-none-eabi-gcc -Wall -O0 -g3 -c -fmessage-length=0 -MT"src/sdCard.o" -mcpu=cortex-a9 -mfpu=vfpv3 -mfloat-abi=hard -I../../sd_bsp/ps7_cortexa9_0/include -MMD -MP -MF"src/sdCard.d" -MT"src/sdCard.o" -o "src/sdCard.o" "../src/sdCard.c"
../src/sdCard.c: In function 'main':
../src/sdCard.c:25:2: warning: implicit declaration of function 'printf' [-Wimplicit-function-declaration]
  printf("Disk Initialize %d", disk_initialize(0));
  ^
../src/sdCard.c:25:2: warning: incompatible implicit declaration of built-in function 'printf'
../src/sdCard.c:25:2: warning: implicit declaration of function 'disk_initialize' [-Wimplicit-function-declaration]
../src/sdCard.c:28:2: warning: implicit declaration of function 'disk_status' [-Wimplicit-function-declaration]
  printf("\nDisk status for disk 0: %d \n\r", disk_status(0));
  ^
../src/sdCard.c: At top level:
../src/sdCard.c:16:13: warning: 'NumBytesWritten' defined but not used [-Wunused-variable]
 static UINT NumBytesWritten;
             ^
'Finished building: ../src/sdCard.c'
' '
'Building target: sd.elf'
'Invoking: ARM v7 gcc linker'
arm-none-eabi-gcc -mcpu=cortex-a9 -mfpu=vfpv3 -mfloat-abi=hard -Wl,-build-id=none -specs=Xilinx.spec -Wl,-T -Wl,../src/lscript.ld -L../../sd_bsp/ps7_cortexa9_0/lib -o "sd.elf"  ./src/sdCard.o   -Wl,--start-group,-lxil,-lgcc,-lc,--end-group -Wl,--start-group,-lxilffs,-lxil,-lgcc,-lc,--end-group
'Finished building target: sd.elf'
' '
'Invoking: ARM v7 Print Size'
arm-none-eabi-size sd.elf  |tee "sd.elf.size"
   text	   data	    bss	    dec	    hex	filename
  99964	   2644	  25984	 128592	  1f650	sd.elf
'Finished building: sd.elf.size'
' '
00:25:23 **** Incremental Build of configuration Debug for project sd ****
make pre-build main-build 
a9-linaro-pre-build-step
' '
make: Ingenting at gøre for 'main-build'.
00:29:16 **** Incremental Build of configuration Debug for project sd ****
make pre-build main-build 
a9-linaro-pre-build-step
' '
make: Ingenting at gøre for 'main-build'.
00:37:05 **** Auto Build of configuration Debug for project sd ****
make pre-build main-build 
a9-linaro-pre-build-step
' '
'Building file: ../src/sdCard.c'
'Invoking: ARM v7 gcc compiler'
arm-none-eabi-gcc -Wall -O0 -g3 -c -fmessage-length=0 -MT"src/sdCard.o" -mcpu=cortex-a9 -mfpu=vfpv3 -mfloat-abi=hard -I../../sd_bsp/ps7_cortexa9_0/include -MMD -MP -MF"src/sdCard.d" -MT"src/sdCard.o" -o "src/sdCard.o" "../src/sdCard.c"
../src/sdCard.c: In function 'main':
../src/sdCard.c:20:2: warning: implicit declaration of function 'printf' [-Wimplicit-function-declaration]
  printf("Disk Initialize %d", disk_initialize(0));
  ^
../src/sdCard.c:20:2: warning: incompatible implicit declaration of built-in function 'printf'
../src/sdCard.c:20:2: warning: implicit declaration of function 'disk_initialize' [-Wimplicit-function-declaration]
../src/sdCard.c:23:2: warning: implicit declaration of function 'disk_status' [-Wimplicit-function-declaration]
  printf("\nDisk status for disk 0: %d \n\r", disk_status(0));
  ^
../src/sdCard.c: At top level:
../src/sdCard.c:11:13: warning: 'NumBytesWritten' defined but not used [-Wunused-variable]
 static UINT NumBytesWritten;
             ^
'Finished building: ../src/sdCard.c'
' '
'Building target: sd.elf'
'Invoking: ARM v7 gcc linker'
arm-none-eabi-gcc -mcpu=cortex-a9 -mfpu=vfpv3 -mfloat-abi=hard -Wl,-build-id=none -specs=Xilinx.spec -Wl,-T -Wl,../src/lscript.ld -L../../sd_bsp/ps7_cortexa9_0/lib -o "sd.elf"  ./src/sdCard.o   -Wl,--start-group,-lxil,-lgcc,-lc,--end-group -Wl,--start-group,-lxilffs,-lxil,-lgcc,-lc,--end-group
'Finished building target: sd.elf'
' '
'Invoking: ARM v7 Print Size'
arm-none-eabi-size sd.elf  |tee "sd.elf.size"
   text	   data	    bss	    dec	    hex	filename
  99964	   2644	  25984	 128592	  1f650	sd.elf
'Finished building: sd.elf.size'
' '
00:38:46 **** Auto Build of configuration Debug for project sd ****
make pre-build main-build 
a9-linaro-pre-build-step
' '
'Building file: ../src/sdCard.c'
'Invoking: ARM v7 gcc compiler'
arm-none-eabi-gcc -Wall -O0 -g3 -c -fmessage-length=0 -MT"src/sdCard.o" -mcpu=cortex-a9 -mfpu=vfpv3 -mfloat-abi=hard -I../../sd_bsp/ps7_cortexa9_0/include -MMD -MP -MF"src/sdCard.d" -MT"src/sdCard.o" -o "src/sdCard.o" "../src/sdCard.c"
../src/sdCard.c: In function 'main':
../src/sdCard.c:20:2: warning: implicit declaration of function 'printf' [-Wimplicit-function-declaration]
  printf("Disk Initialize %d", disk_initialize(0));
  ^
../src/sdCard.c:20:2: warning: incompatible implicit declaration of built-in function 'printf'
../src/sdCard.c:20:2: warning: implicit declaration of function 'disk_initialize' [-Wimplicit-function-declaration]
../src/sdCard.c:23:2: warning: implicit declaration of function 'disk_status' [-Wimplicit-function-declaration]
  printf("\nDisk status for disk 0: %d \n\r", disk_status(0));
  ^
../src/sdCard.c: At top level:
../src/sdCard.c:11:13: warning: 'NumBytesWritten' defined but not used [-Wunused-variable]
 static UINT NumBytesWritten;
             ^
'Finished building: ../src/sdCard.c'
' '
'Building target: sd.elf'
'Invoking: ARM v7 gcc linker'
arm-none-eabi-gcc -mcpu=cortex-a9 -mfpu=vfpv3 -mfloat-abi=hard -Wl,-build-id=none -specs=Xilinx.spec -Wl,-T -Wl,../src/lscript.ld -L../../sd_bsp/ps7_cortexa9_0/lib -o "sd.elf"  ./src/sdCard.o   -Wl,--start-group,-lxil,-lgcc,-lc,--end-group -Wl,--start-group,-lxilffs,-lxil,-lgcc,-lc,--end-group
'Finished building target: sd.elf'
' '
'Invoking: ARM v7 Print Size'
arm-none-eabi-size sd.elf  |tee "sd.elf.size"
   text	   data	    bss	    dec	    hex	filename
  99964	   2644	  25984	 128592	  1f650	sd.elf
'Finished building: sd.elf.size'
' '
00:42:39 **** Auto Build of configuration Debug for project sd ****
make pre-build main-build 
a9-linaro-pre-build-step
' '
'Building file: ../src/sdCard.c'
'Invoking: ARM v7 gcc compiler'
arm-none-eabi-gcc -Wall -O0 -g3 -c -fmessage-length=0 -MT"src/sdCard.o" -mcpu=cortex-a9 -mfpu=vfpv3 -mfloat-abi=hard -I../../sd_bsp/ps7_cortexa9_0/include -MMD -MP -MF"src/sdCard.d" -MT"src/sdCard.o" -o "src/sdCard.o" "../src/sdCard.c"
../src/sdCard.c: In function 'main':
../src/sdCard.c:20:2: warning: implicit declaration of function 'printf' [-Wimplicit-function-declaration]
  printf("Disk Initialize %d", disk_initialize(0));
  ^
../src/sdCard.c:20:2: warning: incompatible implicit declaration of built-in function 'printf'
../src/sdCard.c:20:2: warning: implicit declaration of function 'disk_initialize' [-Wimplicit-function-declaration]
../src/sdCard.c:23:2: warning: implicit declaration of function 'disk_status' [-Wimplicit-function-declaration]
  printf("\nDisk status for disk 0: %d \n\r", disk_status(0));
  ^
../src/sdCard.c: In function 'sd_readFile':
../src/sdCard.c:84:28: error: 'Dest1' undeclared (first use in this function)
  Res = f_read(&fil, (void*)Dest1, fil.fsize, &NumBytesRead);
                            ^
../src/sdCard.c:84:28: note: each undeclared identifier is reported only once for each function it appears in
../src/sdCard.c: At top level:
../src/sdCard.c:11:13: warning: 'NumBytesWritten' defined but not used [-Wunused-variable]
 static UINT NumBytesWritten;
             ^
make: *** [src/sdCard.o] Fejl 1
00:42:55 **** Auto Build of configuration Debug for project sd ****
make pre-build main-build 
a9-linaro-pre-build-step
' '
'Building file: ../src/sdCard.c'
'Invoking: ARM v7 gcc compiler'
arm-none-eabi-gcc -Wall -O0 -g3 -c -fmessage-length=0 -MT"src/sdCard.o" -mcpu=cortex-a9 -mfpu=vfpv3 -mfloat-abi=hard -I../../sd_bsp/ps7_cortexa9_0/include -MMD -MP -MF"src/sdCard.d" -MT"src/sdCard.o" -o "src/sdCard.o" "../src/sdCard.c"
../src/sdCard.c: In function 'main':
../src/sdCard.c:20:2: warning: implicit declaration of function 'printf' [-Wimplicit-function-declaration]
  printf("Disk Initialize %d", disk_initialize(0));
  ^
../src/sdCard.c:20:2: warning: incompatible implicit declaration of built-in function 'printf'
../src/sdCard.c:20:2: warning: implicit declaration of function 'disk_initialize' [-Wimplicit-function-declaration]
../src/sdCard.c:23:2: warning: implicit declaration of function 'disk_status' [-Wimplicit-function-declaration]
  printf("\nDisk status for disk 0: %d \n\r", disk_status(0));
  ^
../src/sdCard.c: In function 'sd_readFile':
../src/sdCard.c:84:29: error: 'Dest1' undeclared (first use in this function)
  Res = f_read(&fil, (void*) Dest1, fil.fsize, &NumBytesRead);
                             ^
../src/sdCard.c:84:29: note: each undeclared identifier is reported only once for each function it appears in
../src/sdCard.c: At top level:
../src/sdCard.c:11:13: warning: 'NumBytesWritten' defined but not used [-Wunused-variable]
 static UINT NumBytesWritten;
             ^
make: *** [src/sdCard.o] Fejl 1
00:44:18 **** Auto Build of configuration Debug for project sd ****
make pre-build main-build 
a9-linaro-pre-build-step
' '
'Building file: ../src/sdCard.c'
'Invoking: ARM v7 gcc compiler'
arm-none-eabi-gcc -Wall -O0 -g3 -c -fmessage-length=0 -MT"src/sdCard.o" -mcpu=cortex-a9 -mfpu=vfpv3 -mfloat-abi=hard -I../../sd_bsp/ps7_cortexa9_0/include -MMD -MP -MF"src/sdCard.d" -MT"src/sdCard.o" -o "src/sdCard.o" "../src/sdCard.c"
../src/sdCard.c: In function 'main':
../src/sdCard.c:23:2: warning: implicit declaration of function 'printf' [-Wimplicit-function-declaration]
  printf("Disk Initialize %d", disk_initialize(0));
  ^
../src/sdCard.c:23:2: warning: incompatible implicit declaration of built-in function 'printf'
../src/sdCard.c:23:2: warning: implicit declaration of function 'disk_initialize' [-Wimplicit-function-declaration]
../src/sdCard.c:26:2: warning: implicit declaration of function 'disk_status' [-Wimplicit-function-declaration]
  printf("\nDisk status for disk 0: %d \n\r", disk_status(0));
  ^
../src/sdCard.c: In function 'sd_readFile':
../src/sdCard.c:94:13: warning: pointer targets in initialization differ in signedness [-Wpointer-sign]
  char *p2 = Dest1;
             ^
../src/sdCard.c: At top level:
../src/sdCard.c:11:13: warning: 'NumBytesWritten' defined but not used [-Wunused-variable]
 static UINT NumBytesWritten;
             ^
'Finished building: ../src/sdCard.c'
' '
'Building target: sd.elf'
'Invoking: ARM v7 gcc linker'
arm-none-eabi-gcc -mcpu=cortex-a9 -mfpu=vfpv3 -mfloat-abi=hard -Wl,-build-id=none -specs=Xilinx.spec -Wl,-T -Wl,../src/lscript.ld -L../../sd_bsp/ps7_cortexa9_0/lib -o "sd.elf"  ./src/sdCard.o   -Wl,--start-group,-lxil,-lgcc,-lc,--end-group -Wl,--start-group,-lxilffs,-lxil,-lgcc,-lc,--end-group
'Finished building target: sd.elf'
' '
'Invoking: ARM v7 Print Size'
arm-none-eabi-size sd.elf  |tee "sd.elf.size"
   text	   data	    bss	    dec	    hex	filename
 100028	   2644	10511744	10614416	 a1f690	sd.elf
'Finished building: sd.elf.size'
' '
00:44:24 **** Auto Build of configuration Debug for project sd ****
make pre-build main-build 
a9-linaro-pre-build-step
' '
'Building file: ../src/sdCard.c'
'Invoking: ARM v7 gcc compiler'
arm-none-eabi-gcc -Wall -O0 -g3 -c -fmessage-length=0 -MT"src/sdCard.o" -mcpu=cortex-a9 -mfpu=vfpv3 -mfloat-abi=hard -I../../sd_bsp/ps7_cortexa9_0/include -MMD -MP -MF"src/sdCard.d" -MT"src/sdCard.o" -o "src/sdCard.o" "../src/sdCard.c"
../src/sdCard.c: In function 'main':
../src/sdCard.c:23:2: warning: implicit declaration of function 'printf' [-Wimplicit-function-declaration]
  printf("Disk Initialize %d", disk_initialize(0));
  ^
../src/sdCard.c:23:2: warning: incompatible implicit declaration of built-in function 'printf'
../src/sdCard.c:23:2: warning: implicit declaration of function 'disk_initialize' [-Wimplicit-function-declaration]
../src/sdCard.c:26:2: warning: implicit declaration of function 'disk_status' [-Wimplicit-function-declaration]
  printf("\nDisk status for disk 0: %d \n\r", disk_status(0));
  ^
../src/sdCard.c: In function 'sd_readFile':
../src/sdCard.c:94:13: warning: pointer targets in initialization differ in signedness [-Wpointer-sign]
  char *p2 = Dest1;
             ^
../src/sdCard.c: At top level:
../src/sdCard.c:11:13: warning: 'NumBytesWritten' defined but not used [-Wunused-variable]
 static UINT NumBytesWritten;
             ^
'Finished building: ../src/sdCard.c'
' '
'Building target: sd.elf'
'Invoking: ARM v7 gcc linker'
arm-none-eabi-gcc -mcpu=cortex-a9 -mfpu=vfpv3 -mfloat-abi=hard -Wl,-build-id=none -specs=Xilinx.spec -Wl,-T -Wl,../src/lscript.ld -L../../sd_bsp/ps7_cortexa9_0/lib -o "sd.elf"  ./src/sdCard.o   -Wl,--start-group,-lxil,-lgcc,-lc,--end-group -Wl,--start-group,-lxilffs,-lxil,-lgcc,-lc,--end-group
'Finished building target: sd.elf'
' '
'Invoking: ARM v7 Print Size'
arm-none-eabi-size sd.elf  |tee "sd.elf.size"
   text	   data	    bss	    dec	    hex	filename
 100028	   2644	10511744	10614416	 a1f690	sd.elf
'Finished building: sd.elf.size'
' '
00:47:08 **** Auto Build of configuration Debug for project sd ****
make pre-build main-build 
a9-linaro-pre-build-step
' '
'Building file: ../src/sdCard.c'
'Invoking: ARM v7 gcc compiler'
arm-none-eabi-gcc -Wall -O0 -g3 -c -fmessage-length=0 -MT"src/sdCard.o" -mcpu=cortex-a9 -mfpu=vfpv3 -mfloat-abi=hard -I../../sd_bsp/ps7_cortexa9_0/include -MMD -MP -MF"src/sdCard.d" -MT"src/sdCard.o" -o "src/sdCard.o" "../src/sdCard.c"
../src/sdCard.c: In function 'main':
../src/sdCard.c:21:2: warning: implicit declaration of function 'printf' [-Wimplicit-function-declaration]
  printf("Disk Initialize %d", disk_initialize(0));
  ^
../src/sdCard.c:21:2: warning: incompatible implicit declaration of built-in function 'printf'
../src/sdCard.c:21:2: warning: implicit declaration of function 'disk_initialize' [-Wimplicit-function-declaration]
../src/sdCard.c:24:2: warning: implicit declaration of function 'disk_status' [-Wimplicit-function-declaration]
  printf("\nDisk status for disk 0: %d \n\r", disk_status(0));
  ^
../src/sdCard.c: In function 'sd_readFile':
../src/sdCard.c:90:13: warning: pointer targets in initialization differ in signedness [-Wpointer-sign]
  char *p2 = Dest1;
             ^
../src/sdCard.c:103:14: warning: pointer targets in passing argument 1 of 'strtok' differ in signedness [-Wpointer-sign]
  pt = strtok(Dest1, ",");
              ^
In file included from c:\xilinx\sdk\2016.2\gnu\aarch32\nt\gcc-arm-none-eabi\arm-none-eabi\include\ctype.h:4:0,
                 from ../../sd_bsp/ps7_cortexa9_0/include/xil_printf.h:8,
                 from ../../sd_bsp/ps7_cortexa9_0/include/xsdps.h:143,
                 from ../src/sdCard.h:12,
                 from ../src/sdCard.c:2:
c:\xilinx\sdk\2016.2\gnu\aarch32\nt\gcc-arm-none-eabi\arm-none-eabi\include\string.h:42:8: note: expected 'char *' but argument is of type 'u8 *'
 char  *_EXFUN(strtok,(char *__restrict, const char *__restrict));
        ^
../src/sdCard.c:106:3: warning: implicit declaration of function 'atoi' [-Wimplicit-function-declaration]
   int a = atoi(pt);
   ^
../src/sdCard.c:108:3: error: 'mudkip' undeclared (first use in this function)
   mudkip->redArray[count] = a;
   ^
../src/sdCard.c:108:3: note: each undeclared identifier is reported only once for each function it appears in
../src/sdCard.c: At top level:
../src/sdCard.c:10:13: warning: 'NumBytesWritten' defined but not used [-Wunused-variable]
 static UINT NumBytesWritten;
             ^
make: *** [src/sdCard.o] Fejl 1
00:48:37 **** Auto Build of configuration Debug for project sd ****
make pre-build main-build 
a9-linaro-pre-build-step
' '
'Building file: ../src/sdCard.c'
'Invoking: ARM v7 gcc compiler'
arm-none-eabi-gcc -Wall -O0 -g3 -c -fmessage-length=0 -MT"src/sdCard.o" -mcpu=cortex-a9 -mfpu=vfpv3 -mfloat-abi=hard -I../../sd_bsp/ps7_cortexa9_0/include -MMD -MP -MF"src/sdCard.d" -MT"src/sdCard.o" -o "src/sdCard.o" "../src/sdCard.c"
../src/sdCard.c: In function 'main':
../src/sdCard.c:21:2: warning: implicit declaration of function 'printf' [-Wimplicit-function-declaration]
  printf("Disk Initialize %d", disk_initialize(0));
  ^
../src/sdCard.c:21:2: warning: incompatible implicit declaration of built-in function 'printf'
../src/sdCard.c:21:2: warning: implicit declaration of function 'disk_initialize' [-Wimplicit-function-declaration]
../src/sdCard.c:24:2: warning: implicit declaration of function 'disk_status' [-Wimplicit-function-declaration]
  printf("\nDisk status for disk 0: %d \n\r", disk_status(0));
  ^
../src/sdCard.c: In function 'sd_readFile':
../src/sdCard.c:90:13: warning: pointer targets in initialization differ in signedness [-Wpointer-sign]
  char *p2 = Dest1;
             ^
../src/sdCard.c:103:14: warning: pointer targets in passing argument 1 of 'strtok' differ in signedness [-Wpointer-sign]
  pt = strtok(Dest1, ",");
              ^
In file included from c:\xilinx\sdk\2016.2\gnu\aarch32\nt\gcc-arm-none-eabi\arm-none-eabi\include\ctype.h:4:0,
                 from ../../sd_bsp/ps7_cortexa9_0/include/xil_printf.h:8,
                 from ../../sd_bsp/ps7_cortexa9_0/include/xsdps.h:143,
                 from ../src/sdCard.h:12,
                 from ../src/sdCard.c:2:
c:\xilinx\sdk\2016.2\gnu\aarch32\nt\gcc-arm-none-eabi\arm-none-eabi\include\string.h:42:8: note: expected 'char *' but argument is of type 'u8 *'
 char  *_EXFUN(strtok,(char *__restrict, const char *__restrict));
        ^
../src/sdCard.c:106:3: warning: implicit declaration of function 'atoi' [-Wimplicit-function-declaration]
   int a = atoi(pt);
   ^
../src/sdCard.c:106:7: warning: unused variable 'a' [-Wunused-variable]
   int a = atoi(pt);
       ^
../src/sdCard.c: At top level:
../src/sdCard.c:10:13: warning: 'NumBytesWritten' defined but not used [-Wunused-variable]
 static UINT NumBytesWritten;
             ^
'Finished building: ../src/sdCard.c'
' '
'Building target: sd.elf'
'Invoking: ARM v7 gcc linker'
arm-none-eabi-gcc -mcpu=cortex-a9 -mfpu=vfpv3 -mfloat-abi=hard -Wl,-build-id=none -specs=Xilinx.spec -Wl,-T -Wl,../src/lscript.ld -L../../sd_bsp/ps7_cortexa9_0/lib -o "sd.elf"  ./src/sdCard.o   -Wl,--start-group,-lxil,-lgcc,-lc,--end-group -Wl,--start-group,-lxilffs,-lxil,-lgcc,-lc,--end-group
'Finished building target: sd.elf'
' '
'Invoking: ARM v7 Print Size'
arm-none-eabi-size sd.elf  |tee "sd.elf.size"
   text	   data	    bss	    dec	    hex	filename
 100488	   2644	10511744	10614876	 a1f85c	sd.elf
'Finished building: sd.elf.size'
' '
00:48:41 **** Incremental Build of configuration Debug for project sd ****
make pre-build main-build 
a9-linaro-pre-build-step
' '
make: Ingenting at gøre for 'main-build'.
00:50:54 **** Auto Build of configuration Debug for project sd ****
make pre-build main-build 
a9-linaro-pre-build-step
' '
'Building file: ../src/sdCard.c'
'Invoking: ARM v7 gcc compiler'
arm-none-eabi-gcc -Wall -O0 -g3 -c -fmessage-length=0 -MT"src/sdCard.o" -mcpu=cortex-a9 -mfpu=vfpv3 -mfloat-abi=hard -I../../sd_bsp/ps7_cortexa9_0/include -MMD -MP -MF"src/sdCard.d" -MT"src/sdCard.o" -o "src/sdCard.o" "../src/sdCard.c"
../src/sdCard.c: In function 'main':
../src/sdCard.c:21:2: warning: implicit declaration of function 'printf' [-Wimplicit-function-declaration]
  printf("Disk Initialize %d", disk_initialize(0));
  ^
../src/sdCard.c:21:2: warning: incompatible implicit declaration of built-in function 'printf'
../src/sdCard.c:21:2: warning: implicit declaration of function 'disk_initialize' [-Wimplicit-function-declaration]
../src/sdCard.c:24:2: warning: implicit declaration of function 'disk_status' [-Wimplicit-function-declaration]
  printf("\nDisk status for disk 0: %d \n\r", disk_status(0));
  ^
../src/sdCard.c: In function 'sd_readFile':
../src/sdCard.c:90:13: warning: pointer targets in initialization differ in signedness [-Wpointer-sign]
  char *p2 = Dest1;
             ^
../src/sdCard.c:103:14: warning: pointer targets in passing argument 1 of 'strtok' differ in signedness [-Wpointer-sign]
  pt = strtok(Dest1, ",");
              ^
In file included from c:\xilinx\sdk\2016.2\gnu\aarch32\nt\gcc-arm-none-eabi\arm-none-eabi\include\ctype.h:4:0,
                 from ../../sd_bsp/ps7_cortexa9_0/include/xil_printf.h:8,
                 from ../../sd_bsp/ps7_cortexa9_0/include/xsdps.h:143,
                 from ../src/sdCard.h:12,
                 from ../src/sdCard.c:2:
c:\xilinx\sdk\2016.2\gnu\aarch32\nt\gcc-arm-none-eabi\arm-none-eabi\include\string.h:42:8: note: expected 'char *' but argument is of type 'u8 *'
 char  *_EXFUN(strtok,(char *__restrict, const char *__restrict));
        ^
../src/sdCard.c:106:3: warning: implicit declaration of function 'atoi' [-Wimplicit-function-declaration]
   int a = atoi(pt);
   ^
../src/sdCard.c:106:7: warning: unused variable 'a' [-Wunused-variable]
   int a = atoi(pt);
       ^
../src/sdCard.c: At top level:
../src/sdCard.c:10:13: warning: 'NumBytesWritten' defined but not used [-Wunused-variable]
 static UINT NumBytesWritten;
             ^
'Finished building: ../src/sdCard.c'
' '
'Building target: sd.elf'
'Invoking: ARM v7 gcc linker'
arm-none-eabi-gcc -mcpu=cortex-a9 -mfpu=vfpv3 -mfloat-abi=hard -Wl,-build-id=none -specs=Xilinx.spec -Wl,-T -Wl,../src/lscript.ld -L../../sd_bsp/ps7_cortexa9_0/lib -o "sd.elf"  ./src/sdCard.o   -Wl,--start-group,-lxil,-lgcc,-lc,--end-group -Wl,--start-group,-lxilffs,-lxil,-lgcc,-lc,--end-group
'Finished building target: sd.elf'
' '
'Invoking: ARM v7 Print Size'
arm-none-eabi-size sd.elf  |tee "sd.elf.size"
   text	   data	    bss	    dec	    hex	filename
 100472	   2644	10511744	10614860	 a1f84c	sd.elf
'Finished building: sd.elf.size'
' '
00:50:56 **** Incremental Build of configuration Debug for project sd ****
make pre-build main-build 
a9-linaro-pre-build-step
' '
make: Ingenting at gøre for 'main-build'.
00:51:41 **** Auto Build of configuration Debug for project sd ****
make pre-build main-build 
a9-linaro-pre-build-step
' '
'Building file: ../src/sdCard.c'
'Invoking: ARM v7 gcc compiler'
arm-none-eabi-gcc -Wall -O0 -g3 -c -fmessage-length=0 -MT"src/sdCard.o" -mcpu=cortex-a9 -mfpu=vfpv3 -mfloat-abi=hard -I../../sd_bsp/ps7_cortexa9_0/include -MMD -MP -MF"src/sdCard.d" -MT"src/sdCard.o" -o "src/sdCard.o" "../src/sdCard.c"
../src/sdCard.c: In function 'main':
../src/sdCard.c:21:2: warning: implicit declaration of function 'printf' [-Wimplicit-function-declaration]
  printf("Disk Initialize %d", disk_initialize(0));
  ^
../src/sdCard.c:21:2: warning: incompatible implicit declaration of built-in function 'printf'
../src/sdCard.c:21:2: warning: implicit declaration of function 'disk_initialize' [-Wimplicit-function-declaration]
../src/sdCard.c:24:2: warning: implicit declaration of function 'disk_status' [-Wimplicit-function-declaration]
  printf("\nDisk status for disk 0: %d \n\r", disk_status(0));
  ^
../src/sdCard.c: In function 'sd_readFile':
../src/sdCard.c:90:13: warning: pointer targets in initialization differ in signedness [-Wpointer-sign]
  char *p2 = Dest1;
             ^
../src/sdCard.c:103:14: warning: pointer targets in passing argument 1 of 'strtok' differ in signedness [-Wpointer-sign]
  pt = strtok(Dest1, ",");
              ^
In file included from c:\xilinx\sdk\2016.2\gnu\aarch32\nt\gcc-arm-none-eabi\arm-none-eabi\include\ctype.h:4:0,
                 from ../../sd_bsp/ps7_cortexa9_0/include/xil_printf.h:8,
                 from ../../sd_bsp/ps7_cortexa9_0/include/xsdps.h:143,
                 from ../src/sdCard.h:12,
                 from ../src/sdCard.c:2:
c:\xilinx\sdk\2016.2\gnu\aarch32\nt\gcc-arm-none-eabi\arm-none-eabi\include\string.h:42:8: note: expected 'char *' but argument is of type 'u8 *'
 char  *_EXFUN(strtok,(char *__restrict, const char *__restrict));
        ^
../src/sdCard.c:106:3: warning: implicit declaration of function 'atoi' [-Wimplicit-function-declaration]
   int a = atoi(pt);
   ^
../src/sdCard.c:106:7: warning: unused variable 'a' [-Wunused-variable]
   int a = atoi(pt);
       ^
../src/sdCard.c: At top level:
../src/sdCard.c:10:13: warning: 'NumBytesWritten' defined but not used [-Wunused-variable]
 static UINT NumBytesWritten;
             ^
../src/sdCard.c:16:11: warning: 'data' defined but not used [-Wunused-variable]
 static u8 data[100];
           ^
'Finished building: ../src/sdCard.c'
' '
'Building target: sd.elf'
'Invoking: ARM v7 gcc linker'
arm-none-eabi-gcc -mcpu=cortex-a9 -mfpu=vfpv3 -mfloat-abi=hard -Wl,-build-id=none -specs=Xilinx.spec -Wl,-T -Wl,../src/lscript.ld -L../../sd_bsp/ps7_cortexa9_0/lib -o "sd.elf"  ./src/sdCard.o   -Wl,--start-group,-lxil,-lgcc,-lc,--end-group -Wl,--start-group,-lxilffs,-lxil,-lgcc,-lc,--end-group
'Finished building target: sd.elf'
' '
'Invoking: ARM v7 Print Size'
arm-none-eabi-size sd.elf  |tee "sd.elf.size"
   text	   data	    bss	    dec	    hex	filename
 100472	   2644	10511744	10614860	 a1f84c	sd.elf
'Finished building: sd.elf.size'
' '
00:51:43 **** Incremental Build of configuration Debug for project sd ****
make pre-build main-build 
a9-linaro-pre-build-step
' '
make: Ingenting at gøre for 'main-build'.
00:52:03 **** Incremental Build of configuration Debug for project sd ****
make pre-build main-build 
a9-linaro-pre-build-step
' '
make: Ingenting at gøre for 'main-build'.
00:52:31 **** Incremental Build of configuration Debug for project sd ****
make pre-build main-build 
a9-linaro-pre-build-step
' '
make: Ingenting at gøre for 'main-build'.
00:52:51 **** Incremental Build of configuration Debug for project sd ****
make pre-build main-build 
a9-linaro-pre-build-step
' '
make: Ingenting at gøre for 'main-build'.
09:10:58 **** Incremental Build of configuration Debug for project sd ****
make pre-build main-build 
a9-linaro-pre-build-step
' '
make: Ingenting at gøre for 'main-build'.
09:11:28 **** Incremental Build of configuration Debug for project sd ****
make pre-build main-build 
a9-linaro-pre-build-step
' '
make: Ingenting at gøre for 'main-build'.
09:26:31 **** Incremental Build of configuration Debug for project sd ****
make pre-build main-build 
a9-linaro-pre-build-step
' '
make: Ingenting at gøre for 'main-build'.
09:29:33 **** Auto Build of configuration Debug for project sd ****
make pre-build main-build 
a9-linaro-pre-build-step
' '
'Building file: ../src/sdCard.c'
'Invoking: ARM v7 gcc compiler'
arm-none-eabi-gcc -Wall -O0 -g3 -c -fmessage-length=0 -MT"src/sdCard.o" -mcpu=cortex-a9 -mfpu=vfpv3 -mfloat-abi=hard -I../../sd_bsp/ps7_cortexa9_0/include -MMD -MP -MF"src/sdCard.d" -MT"src/sdCard.o" -o "src/sdCard.o" "../src/sdCard.c"
../src/sdCard.c: In function 'main':
../src/sdCard.c:21:2: warning: implicit declaration of function 'printf' [-Wimplicit-function-declaration]
  printf("Disk Initialize %d", disk_initialize(0));
  ^
../src/sdCard.c:21:2: warning: incompatible implicit declaration of built-in function 'printf'
../src/sdCard.c:21:2: warning: implicit declaration of function 'disk_initialize' [-Wimplicit-function-declaration]
../src/sdCard.c:24:2: warning: implicit declaration of function 'disk_status' [-Wimplicit-function-declaration]
  printf("\nDisk status for disk 0: %d \n\r", disk_status(0));
  ^
../src/sdCard.c: In function 'sd_readFile':
../src/sdCard.c:90:13: warning: pointer targets in initialization differ in signedness [-Wpointer-sign]
  char *p2 = Dest1;
             ^
../src/sdCard.c:103:14: warning: pointer targets in passing argument 1 of 'strtok' differ in signedness [-Wpointer-sign]
  pt = strtok(Dest1, ",");
              ^
In file included from c:\xilinx\sdk\2016.2\gnu\aarch32\nt\gcc-arm-none-eabi\arm-none-eabi\include\ctype.h:4:0,
                 from ../../sd_bsp/ps7_cortexa9_0/include/xil_printf.h:8,
                 from ../../sd_bsp/ps7_cortexa9_0/include/xsdps.h:143,
                 from ../src/sdCard.h:12,
                 from ../src/sdCard.c:2:
c:\xilinx\sdk\2016.2\gnu\aarch32\nt\gcc-arm-none-eabi\arm-none-eabi\include\string.h:42:8: note: expected 'char *' but argument is of type 'u8 *'
 char  *_EXFUN(strtok,(char *__restrict, const char *__restrict));
        ^
../src/sdCard.c:106:3: warning: implicit declaration of function 'atoi' [-Wimplicit-function-declaration]
   int a = atoi(pt);
   ^
../src/sdCard.c:106:7: warning: unused variable 'a' [-Wunused-variable]
   int a = atoi(pt);
       ^
../src/sdCard.c: At top level:
../src/sdCard.c:10:13: warning: 'NumBytesWritten' defined but not used [-Wunused-variable]
 static UINT NumBytesWritten;
             ^
../src/sdCard.c:13:13: warning: 'FileName' defined but not used [-Wunused-variable]
 static char FileName[32] = "test.txt";
             ^
../src/sdCard.c:16:11: warning: 'data' defined but not used [-Wunused-variable]
 static u8 data[100];
           ^
'Finished building: ../src/sdCard.c'
' '
'Building target: sd.elf'
'Invoking: ARM v7 gcc linker'
arm-none-eabi-gcc -mcpu=cortex-a9 -mfpu=vfpv3 -mfloat-abi=hard -Wl,-build-id=none -specs=Xilinx.spec -Wl,-T -Wl,../src/lscript.ld -L../../sd_bsp/ps7_cortexa9_0/lib -o "sd.elf"  ./src/sdCard.o   -Wl,--start-group,-lxil,-lgcc,-lc,--end-group -Wl,--start-group,-lxilffs,-lxil,-lgcc,-lc,--end-group
'Finished building target: sd.elf'
' '
'Invoking: ARM v7 Print Size'
arm-none-eabi-size sd.elf  |tee "sd.elf.size"
   text	   data	    bss	    dec	    hex	filename
 100488	   2644	10511744	10614876	 a1f85c	sd.elf
'Finished building: sd.elf.size'
' '
09:29:41 **** Incremental Build of configuration Debug for project sd ****
make pre-build main-build 
a9-linaro-pre-build-step
' '
make: Ingenting at gøre for 'main-build'.
09:34:34 **** Auto Build of configuration Debug for project sd ****
make pre-build main-build 
a9-linaro-pre-build-step
' '
'Building file: ../src/sdCard.c'
'Invoking: ARM v7 gcc compiler'
arm-none-eabi-gcc -Wall -O0 -g3 -c -fmessage-length=0 -MT"src/sdCard.o" -mcpu=cortex-a9 -mfpu=vfpv3 -mfloat-abi=hard -I../../sd_bsp/ps7_cortexa9_0/include -MMD -MP -MF"src/sdCard.d" -MT"src/sdCard.o" -o "src/sdCard.o" "../src/sdCard.c"
../src/sdCard.c: In function 'main':
../src/sdCard.c:22:2: warning: implicit declaration of function 'printf' [-Wimplicit-function-declaration]
  printf("Disk Initialize %d", disk_initialize(0));
  ^
../src/sdCard.c:22:2: warning: incompatible implicit declaration of built-in function 'printf'
../src/sdCard.c:22:2: warning: implicit declaration of function 'disk_initialize' [-Wimplicit-function-declaration]
../src/sdCard.c:25:2: warning: implicit declaration of function 'disk_status' [-Wimplicit-function-declaration]
  printf("\nDisk status for disk 0: %d \n\r", disk_status(0));
  ^
../src/sdCard.c: In function 'sd_readFile':
../src/sdCard.c:91:13: warning: pointer targets in initialization differ in signedness [-Wpointer-sign]
  char *p2 = Dest1;
             ^
../src/sdCard.c:104:14: warning: pointer targets in passing argument 1 of 'strtok' differ in signedness [-Wpointer-sign]
  pt = strtok(Dest1, ",");
              ^
In file included from c:\xilinx\sdk\2016.2\gnu\aarch32\nt\gcc-arm-none-eabi\arm-none-eabi\include\ctype.h:4:0,
                 from ../../sd_bsp/ps7_cortexa9_0/include/xil_printf.h:8,
                 from ../../sd_bsp/ps7_cortexa9_0/include/xsdps.h:143,
                 from ../src/sdCard.h:12,
                 from ../src/sdCard.c:2:
c:\xilinx\sdk\2016.2\gnu\aarch32\nt\gcc-arm-none-eabi\arm-none-eabi\include\string.h:42:8: note: expected 'char *' but argument is of type 'u8 *'
 char  *_EXFUN(strtok,(char *__restrict, const char *__restrict));
        ^
../src/sdCard.c:107:3: warning: implicit declaration of function 'atoi' [-Wimplicit-function-declaration]
   int a = atoi(pt);
   ^
../src/sdCard.c:107:7: warning: unused variable 'a' [-Wunused-variable]
   int a = atoi(pt);
       ^
../src/sdCard.c: At top level:
../src/sdCard.c:10:13: warning: 'NumBytesWritten' defined but not used [-Wunused-variable]
 static UINT NumBytesWritten;
             ^
../src/sdCard.c:13:13: warning: 'FileName' defined but not used [-Wunused-variable]
 static char FileName[32] = "test.txt";
             ^
../src/sdCard.c:17:11: warning: 'data' defined but not used [-Wunused-variable]
 static u8 data[100];
           ^
'Finished building: ../src/sdCard.c'
' '
'Building target: sd.elf'
'Invoking: ARM v7 gcc linker'
arm-none-eabi-gcc -mcpu=cortex-a9 -mfpu=vfpv3 -mfloat-abi=hard -Wl,-build-id=none -specs=Xilinx.spec -Wl,-T -Wl,../src/lscript.ld -L../../sd_bsp/ps7_cortexa9_0/lib -o "sd.elf"  ./src/sdCard.o   -Wl,--start-group,-lxil,-lgcc,-lc,--end-group -Wl,--start-group,-lxilffs,-lxil,-lgcc,-lc,--end-group
'Finished building target: sd.elf'
' '
'Invoking: ARM v7 Print Size'
arm-none-eabi-size sd.elf  |tee "sd.elf.size"
   text	   data	    bss	    dec	    hex	filename
 100488	   2644	10511744	10614876	 a1f85c	sd.elf
'Finished building: sd.elf.size'
' '
09:34:37 **** Incremental Build of configuration Debug for project sd ****
make pre-build main-build 
a9-linaro-pre-build-step
' '
make: Ingenting at gøre for 'main-build'.
09:35:25 **** Auto Build of configuration Debug for project sd ****
make pre-build main-build 
a9-linaro-pre-build-step
' '
'Building file: ../src/sdCard.c'
'Invoking: ARM v7 gcc compiler'
arm-none-eabi-gcc -Wall -O0 -g3 -c -fmessage-length=0 -MT"src/sdCard.o" -mcpu=cortex-a9 -mfpu=vfpv3 -mfloat-abi=hard -I../../sd_bsp/ps7_cortexa9_0/include -MMD -MP -MF"src/sdCard.d" -MT"src/sdCard.o" -o "src/sdCard.o" "../src/sdCard.c"
../src/sdCard.c: In function 'main':
../src/sdCard.c:22:2: warning: implicit declaration of function 'printf' [-Wimplicit-function-declaration]
  printf("Disk Initialize %d", disk_initialize(0));
  ^
../src/sdCard.c:22:2: warning: incompatible implicit declaration of built-in function 'printf'
../src/sdCard.c:22:2: warning: implicit declaration of function 'disk_initialize' [-Wimplicit-function-declaration]
../src/sdCard.c:25:2: warning: implicit declaration of function 'disk_status' [-Wimplicit-function-declaration]
  printf("\nDisk status for disk 0: %d \n\r", disk_status(0));
  ^
../src/sdCard.c: In function 'sd_readFile':
../src/sdCard.c:91:13: warning: pointer targets in initialization differ in signedness [-Wpointer-sign]
  char *p2 = Dest1;
             ^
../src/sdCard.c:104:14: warning: pointer targets in passing argument 1 of 'strtok' differ in signedness [-Wpointer-sign]
  pt = strtok(Dest1, ",");
              ^
In file included from c:\xilinx\sdk\2016.2\gnu\aarch32\nt\gcc-arm-none-eabi\arm-none-eabi\include\ctype.h:4:0,
                 from ../../sd_bsp/ps7_cortexa9_0/include/xil_printf.h:8,
                 from ../../sd_bsp/ps7_cortexa9_0/include/xsdps.h:143,
                 from ../src/sdCard.h:12,
                 from ../src/sdCard.c:2:
c:\xilinx\sdk\2016.2\gnu\aarch32\nt\gcc-arm-none-eabi\arm-none-eabi\include\string.h:42:8: note: expected 'char *' but argument is of type 'u8 *'
 char  *_EXFUN(strtok,(char *__restrict, const char *__restrict));
        ^
../src/sdCard.c:107:3: warning: implicit declaration of function 'atoi' [-Wimplicit-function-declaration]
   int a = atoi(pt);
   ^
../src/sdCard.c:107:7: warning: unused variable 'a' [-Wunused-variable]
   int a = atoi(pt);
       ^
../src/sdCard.c: At top level:
../src/sdCard.c:10:13: warning: 'NumBytesWritten' defined but not used [-Wunused-variable]
 static UINT NumBytesWritten;
             ^
../src/sdCard.c:17:11: warning: 'data' defined but not used [-Wunused-variable]
 static u8 data[100];
           ^
'Finished building: ../src/sdCard.c'
' '
'Building target: sd.elf'
'Invoking: ARM v7 gcc linker'
[...]
c:\xilinx\sdk\2016.2\gnu\aarch32\nt\gcc-arm-none-eabi\arm-none-eabi\include\string.h:42:8: note: expected 'char *' but argument is of type 'u8 *'
 char  *_EXFUN(strtok,(char *__restrict, const char *__restrict));
        ^
../src/sdCard.c:107:3: warning: implicit declaration of function 'atoi' [-Wimplicit-function-declaration]
   int a = atoi(pt);
   ^
../src/sdCard.c:107:7: warning: unused variable 'a' [-Wunused-variable]
   int a = atoi(pt);
       ^
../src/sdCard.c: At top level:
../src/sdCard.c:10:13: warning: 'NumBytesWritten' defined but not used [-Wunused-variable]
 static UINT NumBytesWritten;
             ^
../src/sdCard.c:17:11: warning: 'data' defined but not used [-Wunused-variable]
 static u8 data[100];
           ^
'Finished building: ../src/sdCard.c'
' '
'Building target: sd.elf'
'Invoking: ARM v7 gcc linker'
arm-none-eabi-gcc -mcpu=cortex-a9 -mfpu=vfpv3 -mfloat-abi=hard -Wl,-build-id=none -specs=Xilinx.spec -Wl,-T -Wl,../src/lscript.ld -L../../standalone_bsp_0/ps7_cortexa9_0/lib -o "sd.elf"  ./src/sdCard.o   -Wl,--start-group,-lxil,-lgcc,-lc,--end-group -Wl,--start-group,-lxilffs,-lxil,-lgcc,-lc,--end-group
'Finished building target: sd.elf'
' '
'Invoking: ARM v7 Print Size'
arm-none-eabi-size sd.elf  |tee "sd.elf.size"
   text	   data	    bss	    dec	    hex	filename
 100608	   2644	10511744	10614996	 a1f8d4	sd.elf
'Finished building: sd.elf.size'
' '
11:52:34 **** Auto Build of project standalone_bsp_0 ****
make -k all 
"Running Make include in ps7_cortexa9_0/libsrc/coresightps_dcc_v1_2/src"
make -C ps7_cortexa9_0/libsrc/coresightps_dcc_v1_2/src -s include  "SHELL=CMD" "COMPILER=arm-none-eabi-gcc" "ARCHIVER=arm-none-eabi-ar" "COMPILER_FLAGS=  -O2 -c" "EXTRA_COMPILER_FLAGS=-mcpu=cortex-a9 -mfpu=vfpv3 -mfloat-abi=hard -nostartfiles"
"Running Make include in ps7_cortexa9_0/libsrc/cpu_cortexa9_v2_2/src"
make -C ps7_cortexa9_0/libsrc/cpu_cortexa9_v2_2/src -s include  "SHELL=CMD" "COMPILER=arm-none-eabi-gcc" "ARCHIVER=arm-none-eabi-ar" "COMPILER_FLAGS=  -O2 -c" "EXTRA_COMPILER_FLAGS=-mcpu=cortex-a9 -mfpu=vfpv3 -mfloat-abi=hard -nostartfiles"
"Running Make include in ps7_cortexa9_0/libsrc/ddrps_v1_0/src"
make -C ps7_cortexa9_0/libsrc/ddrps_v1_0/src -s include  "SHELL=CMD" "COMPILER=arm-none-eabi-gcc" "ARCHIVER=arm-none-eabi-ar" "COMPILER_FLAGS=  -O2 -c" "EXTRA_COMPILER_FLAGS=-mcpu=cortex-a9 -mfpu=vfpv3 -mfloat-abi=hard -nostartfiles"
"Running Make include in ps7_cortexa9_0/libsrc/devcfg_v3_4/src"
make -C ps7_cortexa9_0/libsrc/devcfg_v3_4/src -s include  "SHELL=CMD" "COMPILER=arm-none-eabi-gcc" "ARCHIVER=arm-none-eabi-ar" "COMPILER_FLAGS=  -O2 -c" "EXTRA_COMPILER_FLAGS=-mcpu=cortex-a9 -mfpu=vfpv3 -mfloat-abi=hard -nostartfiles"
"Running Make include in ps7_cortexa9_0/libsrc/dmaps_v2_1/src"
make -C ps7_cortexa9_0/libsrc/dmaps_v2_1/src -s include  "SHELL=CMD" "COMPILER=arm-none-eabi-gcc" "ARCHIVER=arm-none-eabi-ar" "COMPILER_FLAGS=  -O2 -c" "EXTRA_COMPILER_FLAGS=-mcpu=cortex-a9 -mfpu=vfpv3 -mfloat-abi=hard -nostartfiles"
"Running Make include in ps7_cortexa9_0/libsrc/emacps_v3_2/src"
make -C ps7_cortexa9_0/libsrc/emacps_v3_2/src -s include  "SHELL=CMD" "COMPILER=arm-none-eabi-gcc" "ARCHIVER=arm-none-eabi-ar" "COMPILER_FLAGS=  -O2 -c" "EXTRA_COMPILER_FLAGS=-mcpu=cortex-a9 -mfpu=vfpv3 -mfloat-abi=hard -nostartfiles"
"Running Make include in ps7_cortexa9_0/libsrc/gpio_v4_1/src"
make -C ps7_cortexa9_0/libsrc/gpio_v4_1/src -s include  "SHELL=CMD" "COMPILER=arm-none-eabi-gcc" "ARCHIVER=arm-none-eabi-ar" "COMPILER_FLAGS=  -O2 -c" "EXTRA_COMPILER_FLAGS=-mcpu=cortex-a9 -mfpu=vfpv3 -mfloat-abi=hard -nostartfiles"
"Running Make include in ps7_cortexa9_0/libsrc/gpiops_v3_1/src"
make -C ps7_cortexa9_0/libsrc/gpiops_v3_1/src -s include  "SHELL=CMD" "COMPILER=arm-none-eabi-gcc" "ARCHIVER=arm-none-eabi-ar" "COMPILER_FLAGS=  -O2 -c" "EXTRA_COMPILER_FLAGS=-mcpu=cortex-a9 -mfpu=vfpv3 -mfloat-abi=hard -nostartfiles"
"Running Make include in ps7_cortexa9_0/libsrc/qspips_v3_3/src"
make -C ps7_cortexa9_0/libsrc/qspips_v3_3/src -s include  "SHELL=CMD" "COMPILER=arm-none-eabi-gcc" "ARCHIVER=arm-none-eabi-ar" "COMPILER_FLAGS=  -O2 -c" "EXTRA_COMPILER_FLAGS=-mcpu=cortex-a9 -mfpu=vfpv3 -mfloat-abi=hard -nostartfiles"
"Running Make include in ps7_cortexa9_0/libsrc/scugic_v3_3/src"
make -C ps7_cortexa9_0/libsrc/scugic_v3_3/src -s include  "SHELL=CMD" "COMPILER=arm-none-eabi-gcc" "ARCHIVER=arm-none-eabi-ar" "COMPILER_FLAGS=  -O2 -c" "EXTRA_COMPILER_FLAGS=-mcpu=cortex-a9 -mfpu=vfpv3 -mfloat-abi=hard -nostartfiles"
"Running Make include in ps7_cortexa9_0/libsrc/scutimer_v2_1/src"
make -C ps7_cortexa9_0/libsrc/scutimer_v2_1/src -s include  "SHELL=CMD" "COMPILER=arm-none-eabi-gcc" "ARCHIVER=arm-none-eabi-ar" "COMPILER_FLAGS=  -O2 -c" "EXTRA_COMPILER_FLAGS=-mcpu=cortex-a9 -mfpu=vfpv3 -mfloat-abi=hard -nostartfiles"
"Running Make include in ps7_cortexa9_0/libsrc/scuwdt_v2_1/src"
make -C ps7_cortexa9_0/libsrc/scuwdt_v2_1/src -s include  "SHELL=CMD" "COMPILER=arm-none-eabi-gcc" "ARCHIVER=arm-none-eabi-ar" "COMPILER_FLAGS=  -O2 -c" "EXTRA_COMPILER_FLAGS=-mcpu=cortex-a9 -mfpu=vfpv3 -mfloat-abi=hard -nostartfiles"
"Running Make include in ps7_cortexa9_0/libsrc/sdps_v2_8/src"
make -C ps7_cortexa9_0/libsrc/sdps_v2_8/src -s include  "SHELL=CMD" "COMPILER=arm-none-eabi-gcc" "ARCHIVER=arm-none-eabi-ar" "COMPILER_FLAGS=  -O2 -c" "EXTRA_COMPILER_FLAGS=-mcpu=cortex-a9 -mfpu=vfpv3 -mfloat-abi=hard -nostartfiles"
"Running Make include in ps7_cortexa9_0/libsrc/standalone_v5_5/src"
make -C ps7_cortexa9_0/libsrc/standalone_v5_5/src -s include  "SHELL=CMD" "COMPILER=arm-none-eabi-gcc" "ARCHIVER=arm-none-eabi-ar" "COMPILER_FLAGS=  -O2 -c" "EXTRA_COMPILER_FLAGS=-mcpu=cortex-a9 -mfpu=vfpv3 -mfloat-abi=hard -nostartfiles"
"Running Make include in ps7_cortexa9_0/libsrc/ttcps_v3_1/src"
make -C ps7_cortexa9_0/libsrc/ttcps_v3_1/src -s include  "SHELL=CMD" "COMPILER=arm-none-eabi-gcc" "ARCHIVER=arm-none-eabi-ar" "COMPILER_FLAGS=  -O2 -c" "EXTRA_COMPILER_FLAGS=-mcpu=cortex-a9 -mfpu=vfpv3 -mfloat-abi=hard -nostartfiles"
"Running Make include in ps7_cortexa9_0/libsrc/uartps_v3_1/src"
make -C ps7_cortexa9_0/libsrc/uartps_v3_1/src -s include  "SHELL=CMD" "COMPILER=arm-none-eabi-gcc" "ARCHIVER=arm-none-eabi-ar" "COMPILER_FLAGS=  -O2 -c" "EXTRA_COMPILER_FLAGS=-mcpu=cortex-a9 -mfpu=vfpv3 -mfloat-abi=hard -nostartfiles"
"Running Make include in ps7_cortexa9_0/libsrc/usbps_v2_4/src"
make -C ps7_cortexa9_0/libsrc/usbps_v2_4/src -s include  "SHELL=CMD" "COMPILER=arm-none-eabi-gcc" "ARCHIVER=arm-none-eabi-ar" "COMPILER_FLAGS=  -O2 -c" "EXTRA_COMPILER_FLAGS=-mcpu=cortex-a9 -mfpu=vfpv3 -mfloat-abi=hard -nostartfiles"
"Running Make include in ps7_cortexa9_0/libsrc/xadcps_v2_2/src"
make -C ps7_cortexa9_0/libsrc/xadcps_v2_2/src -s include  "SHELL=CMD" "COMPILER=arm-none-eabi-gcc" "ARCHIVER=arm-none-eabi-ar" "COMPILER_FLAGS=  -O2 -c" "EXTRA_COMPILER_FLAGS=-mcpu=cortex-a9 -mfpu=vfpv3 -mfloat-abi=hard -nostartfiles"
"Running Make include in ps7_cortexa9_0/libsrc/xilffs_v3_3/src"
make -C ps7_cortexa9_0/libsrc/xilffs_v3_3/src -s include  "SHELL=CMD" "COMPILER=arm-none-eabi-gcc" "ARCHIVER=arm-none-eabi-ar" "COMPILER_FLAGS=  -O2 -c" "EXTRA_COMPILER_FLAGS=-mcpu=cortex-a9 -mfpu=vfpv3 -mfloat-abi=hard -nostartfiles"
"Running Make libs in ps7_cortexa9_0/libsrc/coresightps_dcc_v1_2/src"
make -C ps7_cortexa9_0/libsrc/coresightps_dcc_v1_2/src -s libs  "SHELL=CMD" "COMPILER=arm-none-eabi-gcc" "ARCHIVER=arm-none-eabi-ar" "COMPILER_FLAGS=  -O2 -c" "EXTRA_COMPILER_FLAGS=-mcpu=cortex-a9 -mfpu=vfpv3 -mfloat-abi=hard -nostartfiles"
"Compiling coresightps_dcc"
"Running Make libs in ps7_cortexa9_0/libsrc/cpu_cortexa9_v2_2/src"
make -C ps7_cortexa9_0/libsrc/cpu_cortexa9_v2_2/src -s libs  "SHELL=CMD" "COMPILER=arm-none-eabi-gcc" "ARCHIVER=arm-none-eabi-ar" "COMPILER_FLAGS=  -O2 -c" "EXTRA_COMPILER_FLAGS=-mcpu=cortex-a9 -mfpu=vfpv3 -mfloat-abi=hard -nostartfiles"
"Compiling cpu_cortexa9"
"Running Make libs in ps7_cortexa9_0/libsrc/ddrps_v1_0/src"
make -C ps7_cortexa9_0/libsrc/ddrps_v1_0/src -s libs  "SHELL=CMD" "COMPILER=arm-none-eabi-gcc" "ARCHIVER=arm-none-eabi-ar" "COMPILER_FLAGS=  -O2 -c" "EXTRA_COMPILER_FLAGS=-mcpu=cortex-a9 -mfpu=vfpv3 -mfloat-abi=hard -nostartfiles"
"Compiling ddrps"
"Running Make libs in ps7_cortexa9_0/libsrc/devcfg_v3_4/src"
make -C ps7_cortexa9_0/libsrc/devcfg_v3_4/src -s libs  "SHELL=CMD" "COMPILER=arm-none-eabi-gcc" "ARCHIVER=arm-none-eabi-ar" "COMPILER_FLAGS=  -O2 -c" "EXTRA_COMPILER_FLAGS=-mcpu=cortex-a9 -mfpu=vfpv3 -mfloat-abi=hard -nostartfiles"
"Compiling devcfg"
"Running Make libs in ps7_cortexa9_0/libsrc/dmaps_v2_1/src"
make -C ps7_cortexa9_0/libsrc/dmaps_v2_1/src -s libs  "SHELL=CMD" "COMPILER=arm-none-eabi-gcc" "ARCHIVER=arm-none-eabi-ar" "COMPILER_FLAGS=  -O2 -c" "EXTRA_COMPILER_FLAGS=-mcpu=cortex-a9 -mfpu=vfpv3 -mfloat-abi=hard -nostartfiles"
"Compiling dmaps"
"Running Make libs in ps7_cortexa9_0/libsrc/emacps_v3_2/src"
make -C ps7_cortexa9_0/libsrc/emacps_v3_2/src -s libs  "SHELL=CMD" "COMPILER=arm-none-eabi-gcc" "ARCHIVER=arm-none-eabi-ar" "COMPILER_FLAGS=  -O2 -c" "EXTRA_COMPILER_FLAGS=-mcpu=cortex-a9 -mfpu=vfpv3 -mfloat-abi=hard -nostartfiles"
"Compiling emacps"
"Running Make libs in ps7_cortexa9_0/libsrc/gpio_v4_1/src"
make -C ps7_cortexa9_0/libsrc/gpio_v4_1/src -s libs  "SHELL=CMD" "COMPILER=arm-none-eabi-gcc" "ARCHIVER=arm-none-eabi-ar" "COMPILER_FLAGS=  -O2 -c" "EXTRA_COMPILER_FLAGS=-mcpu=cortex-a9 -mfpu=vfpv3 -mfloat-abi=hard -nostartfiles"
"Compiling gpio"
"Running Make libs in ps7_cortexa9_0/libsrc/gpiops_v3_1/src"
make -C ps7_cortexa9_0/libsrc/gpiops_v3_1/src -s libs  "SHELL=CMD" "COMPILER=arm-none-eabi-gcc" "ARCHIVER=arm-none-eabi-ar" "COMPILER_FLAGS=  -O2 -c" "EXTRA_COMPILER_FLAGS=-mcpu=cortex-a9 -mfpu=vfpv3 -mfloat-abi=hard -nostartfiles"
"Compiling gpiops"
"Running Make libs in ps7_cortexa9_0/libsrc/qspips_v3_3/src"
make -C ps7_cortexa9_0/libsrc/qspips_v3_3/src -s libs  "SHELL=CMD" "COMPILER=arm-none-eabi-gcc" "ARCHIVER=arm-none-eabi-ar" "COMPILER_FLAGS=  -O2 -c" "EXTRA_COMPILER_FLAGS=-mcpu=cortex-a9 -mfpu=vfpv3 -mfloat-abi=hard -nostartfiles"
"Compiling qspips"
"Running Make libs in ps7_cortexa9_0/libsrc/scugic_v3_3/src"
make -C ps7_cortexa9_0/libsrc/scugic_v3_3/src -s libs  "SHELL=CMD" "COMPILER=arm-none-eabi-gcc" "ARCHIVER=arm-none-eabi-ar" "COMPILER_FLAGS=  -O2 -c" "EXTRA_COMPILER_FLAGS=-mcpu=cortex-a9 -mfpu=vfpv3 -mfloat-abi=hard -nostartfiles"
"Compiling scugic"
"Running Make libs in ps7_cortexa9_0/libsrc/scutimer_v2_1/src"
make -C ps7_cortexa9_0/libsrc/scutimer_v2_1/src -s libs  "SHELL=CMD" "COMPILER=arm-none-eabi-gcc" "ARCHIVER=arm-none-eabi-ar" "COMPILER_FLAGS=  -O2 -c" "EXTRA_COMPILER_FLAGS=-mcpu=cortex-a9 -mfpu=vfpv3 -mfloat-abi=hard -nostartfiles"
"Compiling scutimer"
"Running Make libs in ps7_cortexa9_0/libsrc/scuwdt_v2_1/src"
make -C ps7_cortexa9_0/libsrc/scuwdt_v2_1/src -s libs  "SHELL=CMD" "COMPILER=arm-none-eabi-gcc" "ARCHIVER=arm-none-eabi-ar" "COMPILER_FLAGS=  -O2 -c" "EXTRA_COMPILER_FLAGS=-mcpu=cortex-a9 -mfpu=vfpv3 -mfloat-abi=hard -nostartfiles"
"Compiling scuwdt"
"Running Make libs in ps7_cortexa9_0/libsrc/sdps_v2_8/src"
make -C ps7_cortexa9_0/libsrc/sdps_v2_8/src -s libs  "SHELL=CMD" "COMPILER=arm-none-eabi-gcc" "ARCHIVER=arm-none-eabi-ar" "COMPILER_FLAGS=  -O2 -c" "EXTRA_COMPILER_FLAGS=-mcpu=cortex-a9 -mfpu=vfpv3 -mfloat-abi=hard -nostartfiles"
"Compiling sdps"
"Running Make libs in ps7_cortexa9_0/libsrc/standalone_v5_5/src"
make -C ps7_cortexa9_0/libsrc/standalone_v5_5/src -s libs  "SHELL=CMD" "COMPILER=arm-none-eabi-gcc" "ARCHIVER=arm-none-eabi-ar" "COMPILER_FLAGS=  -O2 -c" "EXTRA_COMPILER_FLAGS=-mcpu=cortex-a9 -mfpu=vfpv3 -mfloat-abi=hard -nostartfiles"
"Compiling standalone"
"Running Make libs in ps7_cortexa9_0/libsrc/ttcps_v3_1/src"
make -C ps7_cortexa9_0/libsrc/ttcps_v3_1/src -s libs  "SHELL=CMD" "COMPILER=arm-none-eabi-gcc" "ARCHIVER=arm-none-eabi-ar" "COMPILER_FLAGS=  -O2 -c" "EXTRA_COMPILER_FLAGS=-mcpu=cortex-a9 -mfpu=vfpv3 -mfloat-abi=hard -nostartfiles"
"Compiling ttcps"
"Running Make libs in ps7_cortexa9_0/libsrc/uartps_v3_1/src"
make -C ps7_cortexa9_0/libsrc/uartps_v3_1/src -s libs  "SHELL=CMD" "COMPILER=arm-none-eabi-gcc" "ARCHIVER=arm-none-eabi-ar" "COMPILER_FLAGS=  -O2 -c" "EXTRA_COMPILER_FLAGS=-mcpu=cortex-a9 -mfpu=vfpv3 -mfloat-abi=hard -nostartfiles"
"Compiling uartps"
"Running Make libs in ps7_cortexa9_0/libsrc/usbps_v2_4/src"
make -C ps7_cortexa9_0/libsrc/usbps_v2_4/src -s libs  "SHELL=CMD" "COMPILER=arm-none-eabi-gcc" "ARCHIVER=arm-none-eabi-ar" "COMPILER_FLAGS=  -O2 -c" "EXTRA_COMPILER_FLAGS=-mcpu=cortex-a9 -mfpu=vfpv3 -mfloat-abi=hard -nostartfiles"
"Compiling usbps"
"Running Make libs in ps7_cortexa9_0/libsrc/xadcps_v2_2/src"
make -C ps7_cortexa9_0/libsrc/xadcps_v2_2/src -s libs  "SHELL=CMD" "COMPILER=arm-none-eabi-gcc" "ARCHIVER=arm-none-eabi-ar" "COMPILER_FLAGS=  -O2 -c" "EXTRA_COMPILER_FLAGS=-mcpu=cortex-a9 -mfpu=vfpv3 -mfloat-abi=hard -nostartfiles"
"Compiling xadcps"
"Running Make libs in ps7_cortexa9_0/libsrc/xilffs_v3_3/src"
make -C ps7_cortexa9_0/libsrc/xilffs_v3_3/src -s libs  "SHELL=CMD" "COMPILER=arm-none-eabi-gcc" "ARCHIVER=arm-none-eabi-ar" "COMPILER_FLAGS=  -O2 -c" "EXTRA_COMPILER_FLAGS=-mcpu=cortex-a9 -mfpu=vfpv3 -mfloat-abi=hard -nostartfiles"
"Compiling XilFFs Library"
'Finished building libraries'
11:52:55 **** Auto Build of configuration Debug for project sd ****
make pre-build main-build 
a9-linaro-pre-build-step
' '
'Building file: ../src/sdCard.c'
'Invoking: ARM v7 gcc compiler'
arm-none-eabi-gcc -Wall -O0 -g3 -c -fmessage-length=0 -MT"src/sdCard.o" -mcpu=cortex-a9 -mfpu=vfpv3 -mfloat-abi=hard -I../../standalone_bsp_0/ps7_cortexa9_0/include -MMD -MP -MF"src/sdCard.d" -MT"src/sdCard.o" -o "src/sdCard.o" "../src/sdCard.c"
../src/sdCard.c: In function 'main':
../src/sdCard.c:22:2: warning: implicit declaration of function 'printf' [-Wimplicit-function-declaration]
  printf("Disk Initialize %d", disk_initialize(0));
  ^
../src/sdCard.c:22:2: warning: incompatible implicit declaration of built-in function 'printf'
../src/sdCard.c:22:2: warning: implicit declaration of function 'disk_initialize' [-Wimplicit-function-declaration]
../src/sdCard.c:25:2: warning: implicit declaration of function 'disk_status' [-Wimplicit-function-declaration]
  printf("\nDisk status for disk 0: %d \n\r", disk_status(0));
  ^
../src/sdCard.c:28:24: warning: passing argument 2 of 'sd_readFile' from incompatible pointer type
  sd_readFile(FileName, &Dest1, 4, &NumBytesRead);
                        ^
In file included from ../src/sdCard.c:2:0:
../src/sdCard.h:19:5: note: expected 'u8 *' but argument is of type 'u8 (*)[10485760]'
 int sd_readFile(const char* fileName, u8* destAddress, UINT bytesToRead, UINT* bytesRead);
     ^
../src/sdCard.c: In function 'sd_readFile':
../src/sdCard.c:91:13: warning: pointer targets in initialization differ in signedness [-Wpointer-sign]
  char *p2 = Dest1;
             ^
../src/sdCard.c:104:14: warning: pointer targets in passing argument 1 of 'strtok' differ in signedness [-Wpointer-sign]
  pt = strtok(Dest1, ",");
              ^
In file included from c:\xilinx\sdk\2016.2\gnu\aarch32\nt\gcc-arm-none-eabi\arm-none-eabi\include\ctype.h:4:0,
                 from ../../standalone_bsp_0/ps7_cortexa9_0/include/xil_printf.h:8,
                 from ../../standalone_bsp_0/ps7_cortexa9_0/include/xsdps.h:143,
                 from ../src/sdCard.h:12,
                 from ../src/sdCard.c:2:
c:\xilinx\sdk\2016.2\gnu\aarch32\nt\gcc-arm-none-eabi\arm-none-eabi\include\string.h:42:8: note: expected 'char *' but argument is of type 'u8 *'
 char  *_EXFUN(strtok,(char *__restrict, const char *__restrict));
        ^
../src/sdCard.c:107:3: warning: implicit declaration of function 'atoi' [-Wimplicit-function-declaration]
   int a = atoi(pt);
   ^
../src/sdCard.c:107:7: warning: unused variable 'a' [-Wunused-variable]
   int a = atoi(pt);
       ^
../src/sdCard.c: At top level:
../src/sdCard.c:10:13: warning: 'NumBytesWritten' defined but not used [-Wunused-variable]
 static UINT NumBytesWritten;
             ^
../src/sdCard.c:17:11: warning: 'data' defined but not used [-Wunused-variable]
 static u8 data[100];
           ^
'Finished building: ../src/sdCard.c'
' '
'Building target: sd.elf'
'Invoking: ARM v7 gcc linker'
arm-none-eabi-gcc -mcpu=cortex-a9 -mfpu=vfpv3 -mfloat-abi=hard -Wl,-build-id=none -specs=Xilinx.spec -Wl,-T -Wl,../src/lscript.ld -L../../standalone_bsp_0/ps7_cortexa9_0/lib -o "sd.elf"  ./src/sdCard.o   -Wl,--start-group,-lxil,-lgcc,-lc,--end-group -Wl,--start-group,-lxilffs,-lxil,-lgcc,-lc,--end-group
'Finished building target: sd.elf'
' '
'Invoking: ARM v7 Print Size'
arm-none-eabi-size sd.elf  |tee "sd.elf.size"
   text	   data	    bss	    dec	    hex	filename
 102296	   2644	10511744	10616684	 a1ff6c	sd.elf
'Finished building: sd.elf.size'
' '
11:53:34 **** Auto Build of configuration Debug for project sd ****
make pre-build main-build 
a9-linaro-pre-build-step
' '
'Building file: ../src/sdCard.c'
'Invoking: ARM v7 gcc compiler'
arm-none-eabi-gcc -Wall -O0 -g3 -c -fmessage-length=0 -MT"src/sdCard.o" -mcpu=cortex-a9 -mfpu=vfpv3 -mfloat-abi=hard -I../../standalone_bsp_0/ps7_cortexa9_0/include -MMD -MP -MF"src/sdCard.d" -MT"src/sdCard.o" -o "src/sdCard.o" "../src/sdCard.c"
../src/sdCard.c: In function 'main':
../src/sdCard.c:22:2: warning: implicit declaration of function 'printf' [-Wimplicit-function-declaration]
  printf("Disk Initialize %d", disk_initialize(0));
  ^
../src/sdCard.c:22:2: warning: incompatible implicit declaration of built-in function 'printf'
../src/sdCard.c:22:2: warning: implicit declaration of function 'disk_initialize' [-Wimplicit-function-declaration]
../src/sdCard.c:25:2: warning: implicit declaration of function 'disk_status' [-Wimplicit-function-declaration]
  printf("\nDisk status for disk 0: %d \n\r", disk_status(0));
  ^
../src/sdCard.c:28:24: warning: passing argument 2 of 'sd_readFile' from incompatible pointer type
  sd_readFile(FileName, &Dest1, 4, &NumBytesRead);
                        ^
In file included from ../src/sdCard.c:2:0:
../src/sdCard.h:19:5: note: expected 'u8 *' but argument is of type 'u8 (*)[10485760]'
 int sd_readFile(const char* fileName, u8* destAddress, UINT bytesToRead, UINT* bytesRead);
     ^
../src/sdCard.c: In function 'sd_readFile':
../src/sdCard.c:60:11: error: too few arguments to function 'f_printf'
     Res = f_printf();
           ^
In file included from ../src/sdCard.h:13:0,
                 from ../src/sdCard.c:2:
../../standalone_bsp_0/ps7_cortexa9_0/include/ff.h:279:5: note: declared here
 int f_printf (FIL* fp, const TCHAR* str, ...);      /* Put a formatted string to the file */
     ^
../src/sdCard.c:100:13: warning: pointer targets in initialization differ in signedness [-Wpointer-sign]
  char *p2 = Dest1;
             ^
../src/sdCard.c:113:14: warning: pointer targets in passing argument 1 of 'strtok' differ in signedness [-Wpointer-sign]
  pt = strtok(Dest1, ",");
              ^
In file included from c:\xilinx\sdk\2016.2\gnu\aarch32\nt\gcc-arm-none-eabi\arm-none-eabi\include\ctype.h:4:0,
                 from ../../standalone_bsp_0/ps7_cortexa9_0/include/xil_printf.h:8,
                 from ../../standalone_bsp_0/ps7_cortexa9_0/include/xsdps.h:143,
                 from ../src/sdCard.h:12,
                 from ../src/sdCard.c:2:
c:\xilinx\sdk\2016.2\gnu\aarch32\nt\gcc-arm-none-eabi\arm-none-eabi\include\string.h:42:8: note: expected 'char *' but argument is of type 'u8 *'
 char  *_EXFUN(strtok,(char *__restrict, const char *__restrict));
        ^
../src/sdCard.c:116:3: warning: implicit declaration of function 'atoi' [-Wimplicit-function-declaration]
   int a = atoi(pt);
   ^
../src/sdCard.c:116:7: warning: unused variable 'a' [-Wunused-variable]
   int a = atoi(pt);
       ^
../src/sdCard.c: At top level:
../src/sdCard.c:10:13: warning: 'NumBytesWritten' defined but not used [-Wunused-variable]
 static UINT NumBytesWritten;
             ^
../src/sdCard.c:17:11: warning: 'data' defined but not used [-Wunused-variable]
 static u8 data[100];
           ^
make: *** [src/sdCard.o] Fejl 1
